../Core/Src/main.c:219:5:main	8	static
../Core/Src/main.c:335:6:SystemClock_Config	96	static
../Core/Src/main.c:385:13:MX_SPI1_Init	8	static
../Core/Src/main.c:425:13:MX_USART1_UART_Init	8	static
../Core/Src/main.c:460:13:MX_USART2_UART_Init	8	static
../Core/Src/main.c:495:13:MX_GPIO_Init	48	static
../Core/Src/main.c:525:6:writeEnable	8	static
../Core/Src/main.c:532:6:writeDisable	8	static
../Core/Src/main.c:539:6:readStatusRegister	8	static
../Core/Src/main.c:572:6:pageProgram	32	static
../Core/Src/main.c:585:6:readData	32	static
../Core/Src/main.c:594:6:erase4KB	24	static
../Core/Src/main.c:606:6:erase32KB	24	static
../Core/Src/main.c:618:6:erase64KB	24	static
../Core/Src/main.c:630:6:eraseChip	8	static
../Core/Src/main.c:641:6:storeFile	288	static
../Core/Src/main.c:670:6:confirmCmd	16	static
../Core/Src/main.c:734:6:formatTOC	32	static
../Core/Src/main.c:758:6:printTOC	16	static
../Core/Src/main.c:782:9:fileCensus	16	static
../Core/Src/main.c:800:9:pageCensus	24	static
../Core/Src/main.c:818:6:getTitle	64	static
../Core/Src/main.c:859:5:getFileStart	24	static
../Core/Src/main.c:874:5:getFileEnd	32	static
../Core/Src/main.c:908:6:deleteFile	24	static
../Core/Src/main.c:924:6:readFile	32	static
../Core/Src/main.c:958:5:getFileSize	24	static
../Core/Src/main.c:966:5:getUnavailableMemory	16	static
../Core/Src/main.c:980:5:getAvailableMemory	40	static
../Core/Src/main.c:996:6:HAL_UART_RxCpltCallback	24	static
../Core/Src/main.c:1061:6:HAL_UART_TxCpltCallback	16	static
../Core/Src/main.c:1071:6:Error_Handler	4	static,ignoring_inline_asm
