../Core/Src/main.c:220:5:main	8	static
../Core/Src/main.c:336:6:SystemClock_Config	96	static
../Core/Src/main.c:386:13:MX_SPI1_Init	8	static
../Core/Src/main.c:426:13:MX_USART1_UART_Init	8	static
../Core/Src/main.c:461:13:MX_USART2_UART_Init	8	static
../Core/Src/main.c:496:13:MX_GPIO_Init	48	static
../Core/Src/main.c:526:6:writeEnable	8	static
../Core/Src/main.c:533:6:writeDisable	8	static
../Core/Src/main.c:540:6:readStatusRegister	8	static
../Core/Src/main.c:573:6:pageProgram	32	static
../Core/Src/main.c:586:6:readData	32	static
../Core/Src/main.c:595:6:erase4KB	24	static
../Core/Src/main.c:607:6:erase32KB	24	static
../Core/Src/main.c:619:6:erase64KB	24	static
../Core/Src/main.c:631:6:eraseChip	8	static
../Core/Src/main.c:642:6:storeFile	288	static
../Core/Src/main.c:671:6:confirmCmd	16	static
../Core/Src/main.c:736:6:formatTOC	32	static
../Core/Src/main.c:760:6:printTOC	16	static
../Core/Src/main.c:784:9:fileCensus	16	static
../Core/Src/main.c:802:9:pageCensus	24	static
../Core/Src/main.c:820:6:getTitle	88	static
../Core/Src/main.c:861:5:getFileStart	24	static
../Core/Src/main.c:876:5:getFileEnd	32	static
../Core/Src/main.c:910:6:deleteFile	24	static
../Core/Src/main.c:928:6:readFile	32	static
../Core/Src/main.c:962:5:getFileSize	24	static
../Core/Src/main.c:970:5:getUnavailableMemory	16	static
../Core/Src/main.c:984:5:getAvailableMemory	40	static
../Core/Src/main.c:997:6:defragment	24	static
../Core/Src/main.c:1024:6:HAL_UART_RxCpltCallback	24	static
../Core/Src/main.c:1089:6:HAL_UART_TxCpltCallback	16	static
../Core/Src/main.c:1099:6:Error_Handler	4	static,ignoring_inline_asm
