../Core/Inc/bno055_stm32.h:20:6:bno055_assignI2C	16	static
../Core/Inc/bno055_stm32.h:24:6:bno055_delay	16	static
../Core/Inc/bno055_stm32.h:32:6:bno055_writeData	40	static
../Core/Inc/bno055_stm32.h:96:6:bno055_readData	24	static
../Core/Src/main.c:325:5:main	8	static
../Core/Src/main.c:516:6:SystemClock_Config	96	static
../Core/Src/main.c:566:13:MX_I2C1_Init	8	static
../Core/Src/main.c:614:13:MX_SPI1_Init	8	static
../Core/Src/main.c:654:13:MX_USART1_UART_Init	8	static
../Core/Src/main.c:689:13:MX_USART2_UART_Init	8	static
../Core/Src/main.c:724:13:MX_USART3_UART_Init	8	static
../Core/Src/main.c:759:13:MX_GPIO_Init	48	static
../Core/Src/main.c:793:6:HAL_GPIO_EXTI_Callback	16	static
../Core/Src/main.c:801:6:HAL_UART_RxCpltCallback	16	static
../Core/Src/main.c:826:6:HAL_UART_TxCpltCallback	16	static
../Core/Src/main.c:1017:6:writeEnable	8	static
../Core/Src/main.c:1024:6:writeDisable	8	static
../Core/Src/main.c:1031:6:readStatusRegister	8	static
../Core/Src/main.c:1064:6:pageProgram	32	static
../Core/Src/main.c:1077:6:readData	32	static
../Core/Src/main.c:1086:6:erase4KB	24	static
../Core/Src/main.c:1098:6:erase32KB	24	static
../Core/Src/main.c:1110:6:erase64KB	24	static
../Core/Src/main.c:1122:6:eraseChip	8	static
../Core/Src/main.c:1210:6:Error_Handler	4	static,ignoring_inline_asm
