Archive member included to satisfy reference by file (symbol)

C:/ST/STM32CubeIDE_1.11.2/STM32CubeIDE/plugins/com.st.stm32cube.ide.mcu.externaltools.gnu-tools-for-stm32.11.3.rel1.win32_1.1.0.202305231506/tools/bin/../lib/gcc/arm-none-eabi/11.3.1/../../../../arm-none-eabi/lib/thumb/v7e-m+fp/hard\libc_nano.a(libc_a-exit.o)
                              C:/ST/STM32CubeIDE_1.11.2/STM32CubeIDE/plugins/com.st.stm32cube.ide.mcu.externaltools.gnu-tools-for-stm32.11.3.rel1.win32_1.1.0.202305231506/tools/bin/../lib/gcc/arm-none-eabi/11.3.1/../../../../arm-none-eabi/lib/thumb/v7e-m+fp/hard/crt0.o (exit)
C:/ST/STM32CubeIDE_1.11.2/STM32CubeIDE/plugins/com.st.stm32cube.ide.mcu.externaltools.gnu-tools-for-stm32.11.3.rel1.win32_1.1.0.202305231506/tools/bin/../lib/gcc/arm-none-eabi/11.3.1/../../../../arm-none-eabi/lib/thumb/v7e-m+fp/hard\libc_nano.a(libc_a-findfp.o)
                              C:/ST/STM32CubeIDE_1.11.2/STM32CubeIDE/plugins/com.st.stm32cube.ide.mcu.externaltools.gnu-tools-for-stm32.11.3.rel1.win32_1.1.0.202305231506/tools/bin/../lib/gcc/arm-none-eabi/11.3.1/../../../../arm-none-eabi/lib/thumb/v7e-m+fp/hard\libc_nano.a(libc_a-exit.o) (__stdio_exit_handler)
C:/ST/STM32CubeIDE_1.11.2/STM32CubeIDE/plugins/com.st.stm32cube.ide.mcu.externaltools.gnu-tools-for-stm32.11.3.rel1.win32_1.1.0.202305231506/tools/bin/../lib/gcc/arm-none-eabi/11.3.1/../../../../arm-none-eabi/lib/thumb/v7e-m+fp/hard\libc_nano.a(libc_a-fwalk.o)
                              C:/ST/STM32CubeIDE_1.11.2/STM32CubeIDE/plugins/com.st.stm32cube.ide.mcu.externaltools.gnu-tools-for-stm32.11.3.rel1.win32_1.1.0.202305231506/tools/bin/../lib/gcc/arm-none-eabi/11.3.1/../../../../arm-none-eabi/lib/thumb/v7e-m+fp/hard\libc_nano.a(libc_a-findfp.o) (_fwalk_sglue)
C:/ST/STM32CubeIDE_1.11.2/STM32CubeIDE/plugins/com.st.stm32cube.ide.mcu.externaltools.gnu-tools-for-stm32.11.3.rel1.win32_1.1.0.202305231506/tools/bin/../lib/gcc/arm-none-eabi/11.3.1/../../../../arm-none-eabi/lib/thumb/v7e-m+fp/hard\libc_nano.a(libc_a-stdio.o)
                              C:/ST/STM32CubeIDE_1.11.2/STM32CubeIDE/plugins/com.st.stm32cube.ide.mcu.externaltools.gnu-tools-for-stm32.11.3.rel1.win32_1.1.0.202305231506/tools/bin/../lib/gcc/arm-none-eabi/11.3.1/../../../../arm-none-eabi/lib/thumb/v7e-m+fp/hard\libc_nano.a(libc_a-findfp.o) (__sread)
C:/ST/STM32CubeIDE_1.11.2/STM32CubeIDE/plugins/com.st.stm32cube.ide.mcu.externaltools.gnu-tools-for-stm32.11.3.rel1.win32_1.1.0.202305231506/tools/bin/../lib/gcc/arm-none-eabi/11.3.1/../../../../arm-none-eabi/lib/thumb/v7e-m+fp/hard\libc_nano.a(libc_a-memset.o)
                              C:/ST/STM32CubeIDE_1.11.2/STM32CubeIDE/plugins/com.st.stm32cube.ide.mcu.externaltools.gnu-tools-for-stm32.11.3.rel1.win32_1.1.0.202305231506/tools/bin/../lib/gcc/arm-none-eabi/11.3.1/../../../../arm-none-eabi/lib/thumb/v7e-m+fp/hard/crt0.o (memset)
C:/ST/STM32CubeIDE_1.11.2/STM32CubeIDE/plugins/com.st.stm32cube.ide.mcu.externaltools.gnu-tools-for-stm32.11.3.rel1.win32_1.1.0.202305231506/tools/bin/../lib/gcc/arm-none-eabi/11.3.1/../../../../arm-none-eabi/lib/thumb/v7e-m+fp/hard\libc_nano.a(libc_a-closer.o)
                              C:/ST/STM32CubeIDE_1.11.2/STM32CubeIDE/plugins/com.st.stm32cube.ide.mcu.externaltools.gnu-tools-for-stm32.11.3.rel1.win32_1.1.0.202305231506/tools/bin/../lib/gcc/arm-none-eabi/11.3.1/../../../../arm-none-eabi/lib/thumb/v7e-m+fp/hard\libc_nano.a(libc_a-stdio.o) (_close_r)
C:/ST/STM32CubeIDE_1.11.2/STM32CubeIDE/plugins/com.st.stm32cube.ide.mcu.externaltools.gnu-tools-for-stm32.11.3.rel1.win32_1.1.0.202305231506/tools/bin/../lib/gcc/arm-none-eabi/11.3.1/../../../../arm-none-eabi/lib/thumb/v7e-m+fp/hard\libc_nano.a(libc_a-reent.o)
                              C:/ST/STM32CubeIDE_1.11.2/STM32CubeIDE/plugins/com.st.stm32cube.ide.mcu.externaltools.gnu-tools-for-stm32.11.3.rel1.win32_1.1.0.202305231506/tools/bin/../lib/gcc/arm-none-eabi/11.3.1/../../../../arm-none-eabi/lib/thumb/v7e-m+fp/hard\libc_nano.a(libc_a-closer.o) (errno)
C:/ST/STM32CubeIDE_1.11.2/STM32CubeIDE/plugins/com.st.stm32cube.ide.mcu.externaltools.gnu-tools-for-stm32.11.3.rel1.win32_1.1.0.202305231506/tools/bin/../lib/gcc/arm-none-eabi/11.3.1/../../../../arm-none-eabi/lib/thumb/v7e-m+fp/hard\libc_nano.a(libc_a-impure.o)
                              C:/ST/STM32CubeIDE_1.11.2/STM32CubeIDE/plugins/com.st.stm32cube.ide.mcu.externaltools.gnu-tools-for-stm32.11.3.rel1.win32_1.1.0.202305231506/tools/bin/../lib/gcc/arm-none-eabi/11.3.1/../../../../arm-none-eabi/lib/thumb/v7e-m+fp/hard\libc_nano.a(libc_a-reent.o) (_impure_ptr)
C:/ST/STM32CubeIDE_1.11.2/STM32CubeIDE/plugins/com.st.stm32cube.ide.mcu.externaltools.gnu-tools-for-stm32.11.3.rel1.win32_1.1.0.202305231506/tools/bin/../lib/gcc/arm-none-eabi/11.3.1/../../../../arm-none-eabi/lib/thumb/v7e-m+fp/hard\libc_nano.a(libc_a-lseekr.o)
[...]
Memory Configuration

Name             Origin             Length             Attributes
RAM              0x0000000020000000 0x0000000000018000 xrw
RAM2             0x0000000010000000 0x0000000000008000 xrw
FLASH            0x0000000008000000 0x0000000000100000 xr
*default*        0x0000000000000000 0xffffffffffffffff

Linker script and memory map

LOAD C:/ST/STM32CubeIDE_1.11.2/STM32CubeIDE/plugins/com.st.stm32cube.ide.mcu.externaltools.gnu-tools-for-stm32.11.3.rel1.win32_1.1.0.202305231506/tools/bin/../lib/gcc/arm-none-eabi/11.3.1/thumb/v7e-m+fp/hard/crti.o
LOAD C:/ST/STM32CubeIDE_1.11.2/STM32CubeIDE/plugins/com.st.stm32cube.ide.mcu.externaltools.gnu-tools-for-stm32.11.3.rel1.win32_1.1.0.202305231506/tools/bin/../lib/gcc/arm-none-eabi/11.3.1/thumb/v7e-m+fp/hard/crtbegin.o
LOAD C:/ST/STM32CubeIDE_1.11.2/STM32CubeIDE/plugins/com.st.stm32cube.ide.mcu.externaltools.gnu-tools-for-stm32.11.3.rel1.win32_1.1.0.202305231506/tools/bin/../lib/gcc/arm-none-eabi/11.3.1/../../../../arm-none-eabi/lib/thumb/v7e-m+fp/hard/crt0.o
LOAD ./Core/Src/main.o
LOAD ./Core/Src/stm32l4xx_hal_msp.o
LOAD ./Core/Src/stm32l4xx_it.o
LOAD ./Core/Src/syscalls.o
LOAD ./Core/Src/sysmem.o
LOAD ./Core/Src/system_stm32l4xx.o
LOAD ./Core/Startup/startup_stm32l476rgtx.o
LOAD ./Drivers/STM32L4xx_HAL_Driver/Src/stm32l4xx_hal.o
LOAD ./Drivers/STM32L4xx_HAL_Driver/Src/stm32l4xx_hal_cortex.o
LOAD ./Drivers/STM32L4xx_HAL_Driver/Src/stm32l4xx_hal_dma.o
LOAD ./Drivers/STM32L4xx_HAL_Driver/Src/stm32l4xx_hal_dma_ex.o
LOAD ./Drivers/STM32L4xx_HAL_Driver/Src/stm32l4xx_hal_exti.o
LOAD ./Drivers/STM32L4xx_HAL_Driver/Src/stm32l4xx_hal_flash.o
LOAD ./Drivers/STM32L4xx_HAL_Driver/Src/stm32l4xx_hal_flash_ex.o
LOAD ./Drivers/STM32L4xx_HAL_Driver/Src/stm32l4xx_hal_flash_ramfunc.o
LOAD ./Drivers/STM32L4xx_HAL_Driver/Src/stm32l4xx_hal_gpio.o
LOAD ./Drivers/STM32L4xx_HAL_Driver/Src/stm32l4xx_hal_pcd.o
LOAD ./Drivers/STM32L4xx_HAL_Driver/Src/stm32l4xx_hal_pcd_ex.o
LOAD ./Drivers/STM32L4xx_HAL_Driver/Src/stm32l4xx_hal_pwr.o
LOAD ./Drivers/STM32L4xx_HAL_Driver/Src/stm32l4xx_hal_pwr_ex.o
LOAD ./Drivers/STM32L4xx_HAL_Driver/Src/stm32l4xx_hal_rcc.o
LOAD ./Drivers/STM32L4xx_HAL_Driver/Src/stm32l4xx_hal_rcc_ex.o
LOAD ./Drivers/STM32L4xx_HAL_Driver/Src/stm32l4xx_hal_sd.o
LOAD ./Drivers/STM32L4xx_HAL_Driver/Src/stm32l4xx_hal_sd_ex.o
LOAD ./Drivers/STM32L4xx_HAL_Driver/Src/stm32l4xx_ll_sdmmc.o
LOAD ./Drivers/STM32L4xx_HAL_Driver/Src/stm32l4xx_ll_usb.o
LOAD ./FATFS/App/fatfs.o
LOAD ./FATFS/Target/bsp_driver_sd.o
LOAD ./FATFS/Target/fatfs_platform.o
LOAD ./FATFS/Target/sd_diskio.o
LOAD ./Middlewares/ST/STM32_USB_Device_Library/Class/MSC/Src/usbd_msc.o
LOAD ./Middlewares/ST/STM32_USB_Device_Library/Class/MSC/Src/usbd_msc_bot.o
LOAD ./Middlewares/ST/STM32_USB_Device_Library/Class/MSC/Src/usbd_msc_data.o
LOAD ./Middlewares/ST/STM32_USB_Device_Library/Class/MSC/Src/usbd_msc_scsi.o
LOAD ./Middlewares/ST/STM32_USB_Device_Library/Core/Src/usbd_core.o
LOAD ./Middlewares/ST/STM32_USB_Device_Library/Core/Src/usbd_ctlreq.o
LOAD ./Middlewares/ST/STM32_USB_Device_Library/Core/Src/usbd_ioreq.o
LOAD ./Middlewares/Third_Party/FatFs/src/diskio.o
LOAD ./Middlewares/Third_Party/FatFs/src/ff.o
LOAD ./Middlewares/Third_Party/FatFs/src/ff_gen_drv.o
LOAD ./Middlewares/Third_Party/FatFs/src/option/ccsbcs.o
LOAD ./Middlewares/Third_Party/FatFs/src/option/syscall.o
LOAD ./USB_DEVICE/App/usb_device.o
LOAD ./USB_DEVICE/App/usbd_desc.o
LOAD ./USB_DEVICE/App/usbd_storage_if.o
LOAD ./USB_DEVICE/Target/usbd_conf.o
START GROUP
LOAD C:/ST/STM32CubeIDE_1.11.2/STM32CubeIDE/plugins/com.st.stm32cube.ide.mcu.externaltools.gnu-tools-for-stm32.11.3.rel1.win32_1.1.0.202305231506/tools/bin/../lib/gcc/arm-none-eabi/11.3.1/../../../../arm-none-eabi/lib/thumb/v7e-m+fp/hard\libc_nano.a
LOAD C:/ST/STM32CubeIDE_1.11.2/STM32CubeIDE/plugins/com.st.stm32cube.ide.mcu.externaltools.gnu-tools-for-stm32.11.3.rel1.win32_1.1.0.202305231506/tools/bin/../lib/gcc/arm-none-eabi/11.3.1/../../../../arm-none-eabi/lib/thumb/v7e-m+fp/hard\libm.a
END GROUP
START GROUP
LOAD C:/ST/STM32CubeIDE_1.11.2/STM32CubeIDE/plugins/com.st.stm32cube.ide.mcu.externaltools.gnu-tools-for-stm32.11.3.rel1.win32_1.1.0.202305231506/tools/bin/../lib/gcc/arm-none-eabi/11.3.1/thumb/v7e-m+fp/hard\libgcc.a
LOAD C:/ST/STM32CubeIDE_1.11.2/STM32CubeIDE/plugins/com.st.stm32cube.ide.mcu.externaltools.gnu-tools-for-stm32.11.3.rel1.win32_1.1.0.202305231506/tools/bin/../lib/gcc/arm-none-eabi/11.3.1/../../../../arm-none-eabi/lib/thumb/v7e-m+fp/hard\libc_nano.a
END GROUP
START GROUP
LOAD C:/ST/STM32CubeIDE_1.11.2/STM32CubeIDE/plugins/com.st.stm32cube.ide.mcu.externaltools.gnu-tools-for-stm32.11.3.rel1.win32_1.1.0.202305231506/tools/bin/../lib/gcc/arm-none-eabi/11.3.1/thumb/v7e-m+fp/hard\libgcc.a
LOAD C:/ST/STM32CubeIDE_1.11.2/STM32CubeIDE/plugins/com.st.stm32cube.ide.mcu.externaltools.gnu-tools-for-stm32.11.3.rel1.win32_1.1.0.202305231506/tools/bin/../lib/gcc/arm-none-eabi/11.3.1/../../../../arm-none-eabi/lib/thumb/v7e-m+fp/hard\libc_nano.a
LOAD C:/ST/STM32CubeIDE_1.11.2/STM32CubeIDE/plugins/com.st.stm32cube.ide.mcu.externaltools.gnu-tools-for-stm32.11.3.rel1.win32_1.1.0.202305231506/tools/bin/../lib/gcc/arm-none-eabi/11.3.1/../../../../arm-none-eabi/lib/thumb/v7e-m+fp/hard\libnosys.a
END GROUP
START GROUP
LOAD C:/ST/STM32CubeIDE_1.11.2/STM32CubeIDE/plugins/com.st.stm32cube.ide.mcu.externaltools.gnu-tools-for-stm32.11.3.rel1.win32_1.1.0.202305231506/tools/bin/../lib/gcc/arm-none-eabi/11.3.1/thumb/v7e-m+fp/hard\libgcc.a
LOAD C:/ST/STM32CubeIDE_1.11.2/STM32CubeIDE/plugins/com.st.stm32cube.ide.mcu.externaltools.gnu-tools-for-stm32.11.3.rel1.win32_1.1.0.202305231506/tools/bin/../lib/gcc/arm-none-eabi/11.3.1/../../../../arm-none-eabi/lib/thumb/v7e-m+fp/hard\libc_nano.a
LOAD C:/ST/STM32CubeIDE_1.11.2/STM32CubeIDE/plugins/com.st.stm32cube.ide.mcu.externaltools.gnu-tools-for-stm32.11.3.rel1.win32_1.1.0.202305231506/tools/bin/../lib/gcc/arm-none-eabi/11.3.1/../../../../arm-none-eabi/lib/thumb/v7e-m+fp/hard\libnosys.a
END GROUP
LOAD C:/ST/STM32CubeIDE_1.11.2/STM32CubeIDE/plugins/com.st.stm32cube.ide.mcu.externaltools.gnu-tools-for-stm32.11.3.rel1.win32_1.1.0.202305231506/tools/bin/../lib/gcc/arm-none-eabi/11.3.1/thumb/v7e-m+fp/hard/crtend.o
LOAD C:/ST/STM32CubeIDE_1.11.2/STM32CubeIDE/plugins/com.st.stm32cube.ide.mcu.externaltools.gnu-tools-for-stm32.11.3.rel1.win32_1.1.0.202305231506/tools/bin/../lib/gcc/arm-none-eabi/11.3.1/thumb/v7e-m+fp/hard/crtn.o
                0x0000000020018000                _estack = (ORIGIN (RAM) + LENGTH (RAM))
                0x0000000000000200                _Min_Heap_Size = 0x200
                0x0000000000000400                _Min_Stack_Size = 0x400

.isr_vector     0x0000000008000000      0x188
                0x0000000008000000                . = ALIGN (0x4)
 *(.isr_vector)
 .isr_vector    0x0000000008000000      0x188 ./Core/Startup/startup_stm32l476rgtx.o
                0x0000000008000000                g_pfnVectors
                0x0000000008000188                . = ALIGN (0x4)

.text           0x0000000008000188     0xee44
                0x0000000008000188                . = ALIGN (0x4)
 *(.text)
 .text          0x0000000008000188       0x40 C:/ST/STM32CubeIDE_1.11.2/STM32CubeIDE/plugins/com.st.stm32cube.ide.mcu.externaltools.gnu-tools-for-stm32.11.3.rel1.win32_1.1.0.202305231506/tools/bin/../lib/gcc/arm-none-eabi/11.3.1/thumb/v7e-m+fp/hard/crtbegin.o
 .text          0x00000000080001c8       0x10 C:/ST/STM32CubeIDE_1.11.2/STM32CubeIDE/plugins/com.st.stm32cube.ide.mcu.externaltools.gnu-tools-for-stm32.11.3.rel1.win32_1.1.0.202305231506/tools/bin/../lib/gcc/arm-none-eabi/11.3.1/../../../../arm-none-eabi/lib/thumb/v7e-m+fp/hard\libc_nano.a(libc_a-strlen.o)
                0x00000000080001c8                strlen
 *(.text*)
 .text.main     0x00000000080001d8       0xc0 ./Core/Src/main.o
                0x00000000080001d8                main
 .text.SystemClock_Config
                0x0000000008000298       0xa4 ./Core/Src/main.o
                0x0000000008000298                SystemClock_Config
 .text.PeriphCommonClock_Config
                0x000000000800033c       0x5c ./Core/Src/main.o
                0x000000000800033c                PeriphCommonClock_Config
 .text.MX_SDMMC1_SD_Init
                0x0000000008000398       0x40 ./Core/Src/main.o
 .text.MX_DMA_Init
                0x00000000080003d8       0x4c ./Core/Src/main.o
 .text.MX_GPIO_Init
                0x0000000008000424      0x10c ./Core/Src/main.o
 .text.Error_Handler
                0x0000000008000530        0xa ./Core/Src/main.o
                0x0000000008000530                Error_Handler
 *fill*         0x000000000800053a        0x2 
 .text.HAL_MspInit
                0x000000000800053c       0x48 ./Core/Src/stm32l4xx_hal_msp.o
                0x000000000800053c                HAL_MspInit
 .text.HAL_SD_MspInit
                0x0000000008000584      0x194 ./Core/Src/stm32l4xx_hal_msp.o
                0x0000000008000584                HAL_SD_MspInit
 .text.NMI_Handler
                0x0000000008000718        0x6 ./Core/Src/stm32l4xx_it.o
                0x0000000008000718                NMI_Handler
 .text.HardFault_Handler
                0x000000000800071e        0x6 ./Core/Src/stm32l4xx_it.o
                0x000000000800071e                HardFault_Handler
 .text.MemManage_Handler
                0x0000000008000724        0x6 ./Core/Src/stm32l4xx_it.o
                0x0000000008000724                MemManage_Handler
 .text.BusFault_Handler
                0x000000000800072a        0x6 ./Core/Src/stm32l4xx_it.o
                0x000000000800072a                BusFault_Handler
 .text.UsageFault_Handler
                0x0000000008000730        0x6 ./Core/Src/stm32l4xx_it.o
                0x0000000008000730                UsageFault_Handler
 .text.SVC_Handler
                0x0000000008000736        0xe ./Core/Src/stm32l4xx_it.o
                0x0000000008000736                SVC_Handler
 .text.DebugMon_Handler
                0x0000000008000744        0xe ./Core/Src/stm32l4xx_it.o
                0x0000000008000744                DebugMon_Handler
 .text.PendSV_Handler
                0x0000000008000752        0xe ./Core/Src/stm32l4xx_it.o
                0x0000000008000752                PendSV_Handler
 .text.SysTick_Handler
                0x0000000008000760        0xc ./Core/Src/stm32l4xx_it.o
                0x0000000008000760                SysTick_Handler
 .text.SDMMC1_IRQHandler
                0x000000000800076c       0x14 ./Core/Src/stm32l4xx_it.o
                0x000000000800076c                SDMMC1_IRQHandler
 .text.DMA2_Channel4_IRQHandler
                0x0000000008000780       0x14 ./Core/Src/stm32l4xx_it.o
                0x0000000008000780                DMA2_Channel4_IRQHandler
 .text.DMA2_Channel5_IRQHandler
                0x0000000008000794       0x14 ./Core/Src/stm32l4xx_it.o
                0x0000000008000794                DMA2_Channel5_IRQHandler
 .text.OTG_FS_IRQHandler
                0x00000000080007a8       0x14 ./Core/Src/stm32l4xx_it.o
                0x00000000080007a8                OTG_FS_IRQHandler
 .text.SystemInit
                0x00000000080007bc       0x24 ./Core/Src/system_stm32l4xx.o
                0x00000000080007bc                SystemInit
 .text.Reset_Handler
                0x00000000080007e0       0x50 ./Core/Startup/startup_stm32l476rgtx.o
                0x00000000080007e0                Reset_Handler
 .text.Default_Handler
                0x0000000008000830        0x2 ./Core/Startup/startup_stm32l476rgtx.o
                0x0000000008000830                RTC_Alarm_IRQHandler
                0x0000000008000830                EXTI2_IRQHandler
                0x0000000008000830                TIM8_TRG_COM_IRQHandler
                0x0000000008000830                TIM8_CC_IRQHandler
                0x0000000008000830                TIM1_CC_IRQHandler
                0x0000000008000830                TSC_IRQHandler
                0x0000000008000830                TAMP_STAMP_IRQHandler
                0x0000000008000830                EXTI3_IRQHandler
                0x0000000008000830                LPTIM2_IRQHandler
                0x0000000008000830                DFSDM1_FLT1_IRQHandler
                0x0000000008000830                I2C3_ER_IRQHandler
                0x0000000008000830                DFSDM1_FLT2_IRQHandler
                0x0000000008000830                EXTI0_IRQHandler
                0x0000000008000830                I2C2_EV_IRQHandler
                0x0000000008000830                CAN1_RX0_IRQHandler
                0x0000000008000830                FPU_IRQHandler
                0x0000000008000830                TIM1_UP_TIM16_IRQHandler
                0x0000000008000830                ADC1_2_IRQHandler
                0x0000000008000830                SPI1_IRQHandler
                0x0000000008000830                TIM6_DAC_IRQHandler
                0x0000000008000830                TIM8_UP_IRQHandler
                0x0000000008000830                DMA2_Channel2_IRQHandler
                0x0000000008000830                DMA1_Channel4_IRQHandler
                0x0000000008000830                SAI2_IRQHandler
                0x0000000008000830                DFSDM1_FLT3_IRQHandler
                0x0000000008000830                USART3_IRQHandler
                0x0000000008000830                DMA1_Channel7_IRQHandler
                0x0000000008000830                CAN1_RX1_IRQHandler
                0x0000000008000830                LCD_IRQHandler
                0x0000000008000830                UART5_IRQHandler
                0x0000000008000830                ADC3_IRQHandler
                0x0000000008000830                TIM4_IRQHandler
                0x0000000008000830                DMA2_Channel1_IRQHandler
                0x0000000008000830                QUADSPI_IRQHandler
                0x0000000008000830                I2C1_EV_IRQHandler
                0x0000000008000830                DMA1_Channel6_IRQHandler
                0x0000000008000830                UART4_IRQHandler
                0x0000000008000830                TIM3_IRQHandler
                0x0000000008000830                RCC_IRQHandler
                0x0000000008000830                DMA1_Channel1_IRQHandler
                0x0000000008000830                Default_Handler
                0x0000000008000830                DMA2_Channel7_IRQHandler
                0x0000000008000830                EXTI15_10_IRQHandler
                0x0000000008000830                TIM7_IRQHandler
                0x0000000008000830                TIM5_IRQHandler
                0x0000000008000830                I2C3_EV_IRQHandler
                0x0000000008000830                EXTI9_5_IRQHandler
                0x0000000008000830                RTC_WKUP_IRQHandler
                0x0000000008000830                PVD_PVM_IRQHandler
                0x0000000008000830                SPI2_IRQHandler
                0x0000000008000830                CAN1_TX_IRQHandler
                0x0000000008000830                DMA1_Channel5_IRQHandler
                0x0000000008000830                EXTI4_IRQHandler
                0x0000000008000830                RNG_IRQHandler
                0x0000000008000830                TIM1_TRG_COM_TIM17_IRQHandler
                0x0000000008000830                DMA1_Channel3_IRQHandler
                0x0000000008000830                COMP_IRQHandler
                0x0000000008000830                WWDG_IRQHandler
                0x0000000008000830                LPUART1_IRQHandler
                0x0000000008000830                DMA2_Channel6_IRQHandler
                0x0000000008000830                TIM2_IRQHandler
                0x0000000008000830                EXTI1_IRQHandler
                0x0000000008000830                USART2_IRQHandler
                0x0000000008000830                DFSDM1_FLT0_IRQHandler
                0x0000000008000830                I2C2_ER_IRQHandler
                0x0000000008000830                DMA1_Channel2_IRQHandler
                0x0000000008000830                TIM8_BRK_IRQHandler
                0x0000000008000830                CAN1_SCE_IRQHandler
                0x0000000008000830                FLASH_IRQHandler
                0x0000000008000830                USART1_IRQHandler
                0x0000000008000830                SPI3_IRQHandler
                0x0000000008000830                I2C1_ER_IRQHandler
                0x0000000008000830                FMC_IRQHandler
                0x0000000008000830                SWPMI1_IRQHandler
                0x0000000008000830                LPTIM1_IRQHandler
                0x0000000008000830                SAI1_IRQHandler
                0x0000000008000830                DMA2_Channel3_IRQHandler
                0x0000000008000830                TIM1_BRK_TIM15_IRQHandler
 *fill*         0x0000000008000832        0x2 
 .text.HAL_Init
                0x0000000008000834       0x40 ./Drivers/STM32L4xx_HAL_Driver/Src/stm32l4xx_hal.o
                0x0000000008000834                HAL_Init
 .text.HAL_InitTick
                0x0000000008000874       0x78 ./Drivers/STM32L4xx_HAL_Driver/Src/stm32l4xx_hal.o
                0x0000000008000874                HAL_InitTick
 .text.HAL_IncTick
                0x00000000080008ec       0x28 ./Drivers/STM32L4xx_HAL_Driver/Src/stm32l4xx_hal.o
                0x00000000080008ec                HAL_IncTick
 .text.HAL_GetTick
                0x0000000008000914       0x18 ./Drivers/STM32L4xx_HAL_Driver/Src/stm32l4xx_hal.o
                0x0000000008000914                HAL_GetTick
 .text.HAL_Delay
                0x000000000800092c       0x48 ./Drivers/STM32L4xx_HAL_Driver/Src/stm32l4xx_hal.o
                0x000000000800092c                HAL_Delay
 .text.__NVIC_SetPriorityGrouping
                0x0000000008000974       0x48 ./Drivers/STM32L4xx_HAL_Driver/Src/stm32l4xx_hal_cortex.o
 .text.__NVIC_GetPriorityGrouping
                0x00000000080009bc       0x1c ./Drivers/STM32L4xx_HAL_Driver/Src/stm32l4xx_hal_cortex.o
 .text.__NVIC_EnableIRQ
                0x00000000080009d8       0x3c ./Drivers/STM32L4xx_HAL_Driver/Src/stm32l4xx_hal_cortex.o
 .text.__NVIC_SetPriority
                0x0000000008000a14       0x54 ./Drivers/STM32L4xx_HAL_Driver/Src/stm32l4xx_hal_cortex.o
 .text.NVIC_EncodePriority
                0x0000000008000a68       0x66 ./Drivers/STM32L4xx_HAL_Driver/Src/stm32l4xx_hal_cortex.o
 *fill*         0x0000000008000ace        0x2 
 .text.SysTick_Config
                0x0000000008000ad0       0x44 ./Drivers/STM32L4xx_HAL_Driver/Src/stm32l4xx_hal_cortex.o
 .text.HAL_NVIC_SetPriorityGrouping
                0x0000000008000b14       0x16 ./Drivers/STM32L4xx_HAL_Driver/Src/stm32l4xx_hal_cortex.o
                0x0000000008000b14                HAL_NVIC_SetPriorityGrouping
 .text.HAL_NVIC_SetPriority
                0x0000000008000b2a       0x38 ./Drivers/STM32L4xx_HAL_Driver/Src/stm32l4xx_hal_cortex.o
                0x0000000008000b2a                HAL_NVIC_SetPriority
 .text.HAL_NVIC_EnableIRQ
                0x0000000008000b62       0x1c ./Drivers/STM32L4xx_HAL_Driver/Src/stm32l4xx_hal_cortex.o
                0x0000000008000b62                HAL_NVIC_EnableIRQ
 .text.HAL_SYSTICK_Config
                0x0000000008000b7e       0x18 ./Drivers/STM32L4xx_HAL_Driver/Src/stm32l4xx_hal_cortex.o
                0x0000000008000b7e                HAL_SYSTICK_Config
 *fill*         0x0000000008000b96        0x2 
 .text.HAL_DMA_Init
                0x0000000008000b98      0x170 ./Drivers/STM32L4xx_HAL_Driver/Src/stm32l4xx_hal_dma.o
                0x0000000008000b98                HAL_DMA_Init
 .text.HAL_DMA_Abort_IT
                0x0000000008000d08       0x82 ./Drivers/STM32L4xx_HAL_Driver/Src/stm32l4xx_hal_dma.o
                0x0000000008000d08                HAL_DMA_Abort_IT
 .text.HAL_DMA_IRQHandler
                0x0000000008000d8a      0x15e ./Drivers/STM32L4xx_HAL_Driver/Src/stm32l4xx_hal_dma.o
                0x0000000008000d8a                HAL_DMA_IRQHandler
 .text.HAL_GPIO_Init
                0x0000000008000ee8      0x354 ./Drivers/STM32L4xx_HAL_Driver/Src/stm32l4xx_hal_gpio.o
                0x0000000008000ee8                HAL_GPIO_Init
 .text.HAL_GPIO_ReadPin
                0x000000000800123c       0x30 ./Drivers/STM32L4xx_HAL_Driver/Src/stm32l4xx_hal_gpio.o
                0x000000000800123c                HAL_GPIO_ReadPin
 .text.HAL_GPIO_WritePin
                0x000000000800126c       0x30 ./Drivers/STM32L4xx_HAL_Driver/Src/stm32l4xx_hal_gpio.o
                0x000000000800126c                HAL_GPIO_WritePin
 .text.HAL_PCD_Init
                0x000000000800129c      0x248 ./Drivers/STM32L4xx_HAL_Driver/Src/stm32l4xx_hal_pcd.o
                0x000000000800129c                HAL_PCD_Init
 .text.HAL_PCD_Start
                0x00000000080014e4       0x5e ./Drivers/STM32L4xx_HAL_Driver/Src/stm32l4xx_hal_pcd.o
                0x00000000080014e4                HAL_PCD_Start
 .text.HAL_PCD_IRQHandler
                0x0000000008001542      0x926 ./Drivers/STM32L4xx_HAL_Driver/Src/stm32l4xx_hal_pcd.o
                0x0000000008001542                HAL_PCD_IRQHandler
 .text.HAL_PCD_SetAddress
                0x0000000008001e68       0x4a ./Drivers/STM32L4xx_HAL_Driver/Src/stm32l4xx_hal_pcd.o
                0x0000000008001e68                HAL_PCD_SetAddress
 .text.HAL_PCD_EP_Open
                0x0000000008001eb2       0xd0 ./Drivers/STM32L4xx_HAL_Driver/Src/stm32l4xx_hal_pcd.o
                0x0000000008001eb2                HAL_PCD_EP_Open
 .text.HAL_PCD_EP_Close
                0x0000000008001f82       0x94 ./Drivers/STM32L4xx_HAL_Driver/Src/stm32l4xx_hal_pcd.o
                0x0000000008001f82                HAL_PCD_EP_Close
 .text.HAL_PCD_EP_Receive
                0x0000000008002016       0x64 ./Drivers/STM32L4xx_HAL_Driver/Src/stm32l4xx_hal_pcd.o
                0x0000000008002016                HAL_PCD_EP_Receive
 .text.HAL_PCD_EP_GetRxCount
                0x000000000800207a       0x30 ./Drivers/STM32L4xx_HAL_Driver/Src/stm32l4xx_hal_pcd.o
                0x000000000800207a                HAL_PCD_EP_GetRxCount
 .text.HAL_PCD_EP_Transmit
                0x00000000080020aa       0x62 ./Drivers/STM32L4xx_HAL_Driver/Src/stm32l4xx_hal_pcd.o
                0x00000000080020aa                HAL_PCD_EP_Transmit
 .text.HAL_PCD_EP_SetStall
                0x000000000800210c       0xc4 ./Drivers/STM32L4xx_HAL_Driver/Src/stm32l4xx_hal_pcd.o
                0x000000000800210c                HAL_PCD_EP_SetStall
 .text.HAL_PCD_EP_ClrStall
                0x00000000080021d0       0xac ./Drivers/STM32L4xx_HAL_Driver/Src/stm32l4xx_hal_pcd.o
                0x00000000080021d0                HAL_PCD_EP_ClrStall
 .text.HAL_PCD_EP_Abort
                0x000000000800227c       0x62 ./Drivers/STM32L4xx_HAL_Driver/Src/stm32l4xx_hal_pcd.o
                0x000000000800227c                HAL_PCD_EP_Abort
 .text.HAL_PCD_EP_Flush
                0x00000000080022de       0x5a ./Drivers/STM32L4xx_HAL_Driver/Src/stm32l4xx_hal_pcd.o
                0x00000000080022de                HAL_PCD_EP_Flush
 .text.PCD_WriteEmptyTxFifo
                0x0000000008002338      0x110 ./Drivers/STM32L4xx_HAL_Driver/Src/stm32l4xx_hal_pcd.o
 .text.PCD_EP_OutXfrComplete_int
                0x0000000008002448       0x9c ./Drivers/STM32L4xx_HAL_Driver/Src/stm32l4xx_hal_pcd.o
 .text.PCD_EP_OutSetupPacket_int
                0x00000000080024e4       0x68 ./Drivers/STM32L4xx_HAL_Driver/Src/stm32l4xx_hal_pcd.o
 .text.HAL_PCDEx_SetTxFiFo
                0x000000000800254c       0x8e ./Drivers/STM32L4xx_HAL_Driver/Src/stm32l4xx_hal_pcd_ex.o
                0x000000000800254c                HAL_PCDEx_SetTxFiFo
 .text.HAL_PCDEx_SetRxFiFo
                0x00000000080025da       0x22 ./Drivers/STM32L4xx_HAL_Driver/Src/stm32l4xx_hal_pcd_ex.o
                0x00000000080025da                HAL_PCDEx_SetRxFiFo
 .text.HAL_PCDEx_ActivateLPM
                0x00000000080025fc       0x48 ./Drivers/STM32L4xx_HAL_Driver/Src/stm32l4xx_hal_pcd_ex.o
                0x00000000080025fc                HAL_PCDEx_ActivateLPM
 .text.HAL_PWREx_GetVoltageRange
                0x0000000008002644       0x1c ./Drivers/STM32L4xx_HAL_Driver/Src/stm32l4xx_hal_pwr_ex.o
                0x0000000008002644                HAL_PWREx_GetVoltageRange
 .text.HAL_PWREx_ControlVoltageScaling
                0x0000000008002660       0xac ./Drivers/STM32L4xx_HAL_Driver/Src/stm32l4xx_hal_pwr_ex.o
                0x0000000008002660                HAL_PWREx_ControlVoltageScaling
 .text.HAL_PWREx_EnableVddUSB
                0x000000000800270c       0x20 ./Drivers/STM32L4xx_HAL_Driver/Src/stm32l4xx_hal_pwr_ex.o
                0x000000000800270c                HAL_PWREx_EnableVddUSB
 .text.HAL_RCC_OscConfig
                0x000000000800272c      0x7b8 ./Drivers/STM32L4xx_HAL_Driver/Src/stm32l4xx_hal_rcc.o
                0x000000000800272c                HAL_RCC_OscConfig
 .text.HAL_RCC_ClockConfig
                0x0000000008002ee4      0x200 ./Drivers/STM32L4xx_HAL_Driver/Src/stm32l4xx_hal_rcc.o
                0x0000000008002ee4                HAL_RCC_ClockConfig
 .text.HAL_RCC_GetSysClockFreq
                0x00000000080030e4      0x118 ./Drivers/STM32L4xx_HAL_Driver/Src/stm32l4xx_hal_rcc.o
                0x00000000080030e4                HAL_RCC_GetSysClockFreq
 .text.HAL_RCC_GetHCLKFreq
                0x00000000080031fc       0x18 ./Drivers/STM32L4xx_HAL_Driver/Src/stm32l4xx_hal_rcc.o
                0x00000000080031fc                HAL_RCC_GetHCLKFreq
 .text.HAL_RCC_GetPCLK1Freq
                0x0000000008003214       0x2c ./Drivers/STM32L4xx_HAL_Driver/Src/stm32l4xx_hal_rcc.o
                0x0000000008003214                HAL_RCC_GetPCLK1Freq
 .text.HAL_RCC_GetPCLK2Freq
                0x0000000008003240       0x2c ./Drivers/STM32L4xx_HAL_Driver/Src/stm32l4xx_hal_rcc.o
                0x0000000008003240                HAL_RCC_GetPCLK2Freq
 .text.RCC_SetFlashLatencyFromMSIRange
                0x000000000800326c       0xc0 ./Drivers/STM32L4xx_HAL_Driver/Src/stm32l4xx_hal_rcc.o
 .text.HAL_RCCEx_PeriphCLKConfig
                0x000000000800332c      0x5d4 ./Drivers/STM32L4xx_HAL_Driver/Src/stm32l4xx_hal_rcc_ex.o
                0x000000000800332c                HAL_RCCEx_PeriphCLKConfig
 .text.HAL_RCCEx_GetPeriphCLKFreq
                0x0000000008003900      0xadc ./Drivers/STM32L4xx_HAL_Driver/Src/stm32l4xx_hal_rcc_ex.o
                0x0000000008003900                HAL_RCCEx_GetPeriphCLKFreq
 .text.RCCEx_PLLSAI1_Config
                0x00000000080043dc      0x1e8 ./Drivers/STM32L4xx_HAL_Driver/Src/stm32l4xx_hal_rcc_ex.o
 .text.RCCEx_PLLSAI2_Config
                0x00000000080045c4      0x1bc ./Drivers/STM32L4xx_HAL_Driver/Src/stm32l4xx_hal_rcc_ex.o
 .text.RCCEx_GetSAIxPeriphCLKFreq
                0x0000000008004780      0x1e0 ./Drivers/STM32L4xx_HAL_Driver/Src/stm32l4xx_hal_rcc_ex.o
 .text.HAL_SD_Init
                0x0000000008004960       0x60 ./Drivers/STM32L4xx_HAL_Driver/Src/stm32l4xx_hal_sd.o
                0x0000000008004960                HAL_SD_Init
 .text.HAL_SD_InitCard
                0x00000000080049c0      0x14c ./Drivers/STM32L4xx_HAL_Driver/Src/stm32l4xx_hal_sd.o
                0x00000000080049c0                HAL_SD_InitCard
 .text.HAL_SD_ReadBlocks
                0x0000000008004b0c      0x3bc ./Drivers/STM32L4xx_HAL_Driver/Src/stm32l4xx_hal_sd.o
                0x0000000008004b0c                HAL_SD_ReadBlocks
 .text.HAL_SD_WriteBlocks
                0x0000000008004ec8      0x30c ./Drivers/STM32L4xx_HAL_Driver/Src/stm32l4xx_hal_sd.o
                0x0000000008004ec8                HAL_SD_WriteBlocks
 .text.HAL_SD_IRQHandler
                0x00000000080051d4      0x2ec ./Drivers/STM32L4xx_HAL_Driver/Src/stm32l4xx_hal_sd.o
                0x00000000080051d4                HAL_SD_IRQHandler
 .text.HAL_SD_ErrorCallback
                0x00000000080054c0       0x14 ./Drivers/STM32L4xx_HAL_Driver/Src/stm32l4xx_hal_sd.o
                0x00000000080054c0                HAL_SD_ErrorCallback
 .text.HAL_SD_GetCardCSD
                0x00000000080054d4      0x348 ./Drivers/STM32L4xx_HAL_Driver/Src/stm32l4xx_hal_sd.o
                0x00000000080054d4                HAL_SD_GetCardCSD
 .text.HAL_SD_GetCardInfo
                0x000000000800581c       0x58 ./Drivers/STM32L4xx_HAL_Driver/Src/stm32l4xx_hal_sd.o
                0x000000000800581c                HAL_SD_GetCardInfo
 .text.HAL_SD_GetCardState
                0x0000000008005874       0x40 ./Drivers/STM32L4xx_HAL_Driver/Src/stm32l4xx_hal_sd.o
                0x0000000008005874                HAL_SD_GetCardState
 .text.SD_DMATxAbort
                0x00000000080058b4       0x6e ./Drivers/STM32L4xx_HAL_Driver/Src/stm32l4xx_hal_sd.o
 .text.SD_DMARxAbort
                0x0000000008005922       0x6e ./Drivers/STM32L4xx_HAL_Driver/Src/stm32l4xx_hal_sd.o
 .text.SD_InitCard
                0x0000000008005990      0x19c ./Drivers/STM32L4xx_HAL_Driver/Src/stm32l4xx_hal_sd.o
 .text.SD_PowerON
                0x0000000008005b2c      0x11c ./Drivers/STM32L4xx_HAL_Driver/Src/stm32l4xx_hal_sd.o
 .text.SD_SendStatus
                0x0000000008005c48       0x50 ./Drivers/STM32L4xx_HAL_Driver/Src/stm32l4xx_hal_sd.o
 .text.SD_Read_IT
                0x0000000008005c98       0xa2 ./Drivers/STM32L4xx_HAL_Driver/Src/stm32l4xx_hal_sd.o
 .text.SD_Write_IT
                0x0000000008005d3a       0xaa ./Drivers/STM32L4xx_HAL_Driver/Src/stm32l4xx_hal_sd.o
 .text.SDMMC_Init
                0x0000000008005de4       0x5a ./Drivers/STM32L4xx_HAL_Driver/Src/stm32l4xx_ll_sdmmc.o
                0x0000000008005de4                SDMMC_Init
 .text.SDMMC_ReadFIFO
                0x0000000008005e3e       0x1a ./Drivers/STM32L4xx_HAL_Driver/Src/stm32l4xx_ll_sdmmc.o
                0x0000000008005e3e                SDMMC_ReadFIFO
 .text.SDMMC_WriteFIFO
                0x0000000008005e58       0x22 ./Drivers/STM32L4xx_HAL_Driver/Src/stm32l4xx_ll_sdmmc.o
                0x0000000008005e58                SDMMC_WriteFIFO
 .text.SDMMC_PowerState_ON
                0x0000000008005e7a       0x1e ./Drivers/STM32L4xx_HAL_Driver/Src/stm32l4xx_ll_sdmmc.o
                0x0000000008005e7a                SDMMC_PowerState_ON
 .text.SDMMC_GetPowerState
                0x0000000008005e98       0x1c ./Drivers/STM32L4xx_HAL_Driver/Src/stm32l4xx_ll_sdmmc.o
                0x0000000008005e98                SDMMC_GetPowerState
 .text.SDMMC_SendCommand
                0x0000000008005eb4       0x54 ./Drivers/STM32L4xx_HAL_Driver/Src/stm32l4xx_ll_sdmmc.o
                0x0000000008005eb4                SDMMC_SendCommand
 .text.SDMMC_GetCommandResponse
                0x0000000008005f08       0x1a ./Drivers/STM32L4xx_HAL_Driver/Src/stm32l4xx_ll_sdmmc.o
                0x0000000008005f08                SDMMC_GetCommandResponse
 .text.SDMMC_GetResponse
                0x0000000008005f22       0x26 ./Drivers/STM32L4xx_HAL_Driver/Src/stm32l4xx_ll_sdmmc.o
                0x0000000008005f22                SDMMC_GetResponse
 .text.SDMMC_ConfigData
                0x0000000008005f48       0x58 ./Drivers/STM32L4xx_HAL_Driver/Src/stm32l4xx_ll_sdmmc.o
                0x0000000008005f48                SDMMC_ConfigData
 .text.SDMMC_CmdBlockLength
                0x0000000008005fa0       0x44 ./Drivers/STM32L4xx_HAL_Driver/Src/stm32l4xx_ll_sdmmc.o
                0x0000000008005fa0                SDMMC_CmdBlockLength
 .text.SDMMC_CmdReadSingleBlock
                0x0000000008005fe4       0x44 ./Drivers/STM32L4xx_HAL_Driver/Src/stm32l4xx_ll_sdmmc.o
                0x0000000008005fe4                SDMMC_CmdReadSingleBlock
 .text.SDMMC_CmdReadMultiBlock
                0x0000000008006028       0x44 ./Drivers/STM32L4xx_HAL_Driver/Src/stm32l4xx_ll_sdmmc.o
                0x0000000008006028                SDMMC_CmdReadMultiBlock
 .text.SDMMC_CmdWriteSingleBlock
                0x000000000800606c       0x44 ./Drivers/STM32L4xx_HAL_Driver/Src/stm32l4xx_ll_sdmmc.o
                0x000000000800606c                SDMMC_CmdWriteSingleBlock
 .text.SDMMC_CmdWriteMultiBlock
                0x00000000080060b0       0x44 ./Drivers/STM32L4xx_HAL_Driver/Src/stm32l4xx_ll_sdmmc.o
                0x00000000080060b0                SDMMC_CmdWriteMultiBlock
 .text.SDMMC_CmdStopTransfer
                0x00000000080060f4       0x44 ./Drivers/STM32L4xx_HAL_Driver/Src/stm32l4xx_ll_sdmmc.o
                0x00000000080060f4                SDMMC_CmdStopTransfer
 .text.SDMMC_CmdSelDesel
                0x0000000008006138       0x46 ./Drivers/STM32L4xx_HAL_Driver/Src/stm32l4xx_ll_sdmmc.o
                0x0000000008006138                SDMMC_CmdSelDesel
 .text.SDMMC_CmdGoIdleState
                0x000000000800617e       0x3c ./Drivers/STM32L4xx_HAL_Driver/Src/stm32l4xx_ll_sdmmc.o
                0x000000000800617e                SDMMC_CmdGoIdleState
 .text.SDMMC_CmdOperCond
                0x00000000080061ba       0x3e ./Drivers/STM32L4xx_HAL_Driver/Src/stm32l4xx_ll_sdmmc.o
                0x00000000080061ba                SDMMC_CmdOperCond
 .text.SDMMC_CmdAppCommand
                0x00000000080061f8       0x44 ./Drivers/STM32L4xx_HAL_Driver/Src/stm32l4xx_ll_sdmmc.o
                0x00000000080061f8                SDMMC_CmdAppCommand
 .text.SDMMC_CmdAppOperCommand
                0x000000000800623c       0x46 ./Drivers/STM32L4xx_HAL_Driver/Src/stm32l4xx_ll_sdmmc.o
                0x000000000800623c                SDMMC_CmdAppOperCommand
 .text.SDMMC_CmdSendCID
                0x0000000008006282       0x3c ./Drivers/STM32L4xx_HAL_Driver/Src/stm32l4xx_ll_sdmmc.o
                0x0000000008006282                SDMMC_CmdSendCID
 .text.SDMMC_CmdSendCSD
                0x00000000080062be       0x3e ./Drivers/STM32L4xx_HAL_Driver/Src/stm32l4xx_ll_sdmmc.o
                0x00000000080062be                SDMMC_CmdSendCSD
 .text.SDMMC_CmdSetRelAdd
                0x00000000080062fc       0x42 ./Drivers/STM32L4xx_HAL_Driver/Src/stm32l4xx_ll_sdmmc.o
                0x00000000080062fc                SDMMC_CmdSetRelAdd
 .text.SDMMC_CmdSendStatus
                0x000000000800633e       0x44 ./Drivers/STM32L4xx_HAL_Driver/Src/stm32l4xx_ll_sdmmc.o
                0x000000000800633e                SDMMC_CmdSendStatus
 *fill*         0x0000000008006382        0x2 
 .text.SDMMC_GetCmdResp1
                0x0000000008006384      0x1dc ./Drivers/STM32L4xx_HAL_Driver/Src/stm32l4xx_ll_sdmmc.o
                0x0000000008006384                SDMMC_GetCmdResp1
 .text.SDMMC_GetCmdResp2
                0x0000000008006560       0x90 ./Drivers/STM32L4xx_HAL_Driver/Src/stm32l4xx_ll_sdmmc.o
                0x0000000008006560                SDMMC_GetCmdResp2
 .text.SDMMC_GetCmdResp3
                0x00000000080065f0       0x7c ./Drivers/STM32L4xx_HAL_Driver/Src/stm32l4xx_ll_sdmmc.o
                0x00000000080065f0                SDMMC_GetCmdResp3
 .text.SDMMC_GetCmdResp6
                0x000000000800666c       0xec ./Drivers/STM32L4xx_HAL_Driver/Src/stm32l4xx_ll_sdmmc.o
                0x000000000800666c                SDMMC_GetCmdResp6
 .text.SDMMC_GetCmdResp7
                0x0000000008006758       0x9c ./Drivers/STM32L4xx_HAL_Driver/Src/stm32l4xx_ll_sdmmc.o
                0x0000000008006758                SDMMC_GetCmdResp7
 .text.SDMMC_GetCmdError
                0x00000000080067f4       0x58 ./Drivers/STM32L4xx_HAL_Driver/Src/stm32l4xx_ll_sdmmc.o
 .text.USB_CoreInit
                0x000000000800684c       0x58 ./Drivers/STM32L4xx_HAL_Driver/Src/stm32l4xx_ll_usb.o
                0x000000000800684c                USB_CoreInit
 .text.USB_SetTurnaroundTime
                0x00000000080068a4      0x138 ./Drivers/STM32L4xx_HAL_Driver/Src/stm32l4xx_ll_usb.o
                0x00000000080068a4                USB_SetTurnaroundTime
 .text.USB_EnableGlobalInt
                0x00000000080069dc       0x22 ./Drivers/STM32L4xx_HAL_Driver/Src/stm32l4xx_ll_usb.o
                0x00000000080069dc                USB_EnableGlobalInt
 .text.USB_DisableGlobalInt
                0x00000000080069fe       0x22 ./Drivers/STM32L4xx_HAL_Driver/Src/stm32l4xx_ll_usb.o
                0x00000000080069fe                USB_DisableGlobalInt
 .text.USB_SetCurrentMode
                0x0000000008006a20       0x98 ./Drivers/STM32L4xx_HAL_Driver/Src/stm32l4xx_ll_usb.o
                0x0000000008006a20                USB_SetCurrentMode
 .text.USB_DevInit
                0x0000000008006ab8      0x284 ./Drivers/STM32L4xx_HAL_Driver/Src/stm32l4xx_ll_usb.o
                0x0000000008006ab8                USB_DevInit
 .text.USB_FlushTxFifo
                0x0000000008006d3c       0x68 ./Drivers/STM32L4xx_HAL_Driver/Src/stm32l4xx_ll_usb.o
                0x0000000008006d3c                USB_FlushTxFifo
 .text.USB_FlushRxFifo
                0x0000000008006da4       0x60 ./Drivers/STM32L4xx_HAL_Driver/Src/stm32l4xx_ll_usb.o
                0x0000000008006da4                USB_FlushRxFifo
 .text.USB_SetDevSpeed
                0x0000000008006e04       0x32 ./Drivers/STM32L4xx_HAL_Driver/Src/stm32l4xx_ll_usb.o
                0x0000000008006e04                USB_SetDevSpeed
 .text.USB_GetDevSpeed
                0x0000000008006e36       0x3e ./Drivers/STM32L4xx_HAL_Driver/Src/stm32l4xx_ll_usb.o
                0x0000000008006e36                USB_GetDevSpeed
 .text.USB_ActivateEndpoint
                0x0000000008006e74      0x10e ./Drivers/STM32L4xx_HAL_Driver/Src/stm32l4xx_ll_usb.o
                0x0000000008006e74                USB_ActivateEndpoint
 *fill*         0x0000000008006f82        0x2 
 .text.USB_DeactivateEndpoint
                0x0000000008006f84      0x1b8 ./Drivers/STM32L4xx_HAL_Driver/Src/stm32l4xx_ll_usb.o
                0x0000000008006f84                USB_DeactivateEndpoint
 .text.USB_EPStartXfer
                0x000000000800713c      0x464 ./Drivers/STM32L4xx_HAL_Driver/Src/stm32l4xx_ll_usb.o
                0x000000000800713c                USB_EPStartXfer
 .text.USB_EPStopXfer
                0x00000000080075a0      0x154 ./Drivers/STM32L4xx_HAL_Driver/Src/stm32l4xx_ll_usb.o
                0x00000000080075a0                USB_EPStopXfer
 .text.USB_WritePacket
                0x00000000080076f4       0x74 ./Drivers/STM32L4xx_HAL_Driver/Src/stm32l4xx_ll_usb.o
                0x00000000080076f4                USB_WritePacket
 .text.USB_ReadPacket
                0x0000000008007768       0xb0 ./Drivers/STM32L4xx_HAL_Driver/Src/stm32l4xx_ll_usb.o
                0x0000000008007768                USB_ReadPacket
 .text.USB_EPSetStall
                0x0000000008007818       0xdc ./Drivers/STM32L4xx_HAL_Driver/Src/stm32l4xx_ll_usb.o
                0x0000000008007818                USB_EPSetStall
 .text.USB_EPClearStall
                0x00000000080078f4       0xcc ./Drivers/STM32L4xx_HAL_Driver/Src/stm32l4xx_ll_usb.o
                0x00000000080078f4                USB_EPClearStall
 .text.USB_SetDevAddress
                0x00000000080079c0       0x4c ./Drivers/STM32L4xx_HAL_Driver/Src/stm32l4xx_ll_usb.o
                0x00000000080079c0                USB_SetDevAddress
 .text.USB_DevConnect
                0x0000000008007a0c       0x42 ./Drivers/STM32L4xx_HAL_Driver/Src/stm32l4xx_ll_usb.o
                0x0000000008007a0c                USB_DevConnect
 .text.USB_DevDisconnect
                0x0000000008007a4e       0x42 ./Drivers/STM32L4xx_HAL_Driver/Src/stm32l4xx_ll_usb.o
                0x0000000008007a4e                USB_DevDisconnect
 .text.USB_ReadInterrupts
                0x0000000008007a90       0x26 ./Drivers/STM32L4xx_HAL_Driver/Src/stm32l4xx_ll_usb.o
                0x0000000008007a90                USB_ReadInterrupts
 .text.USB_ReadDevAllOutEpInterrupt
                0x0000000008007ab6       0x34 ./Drivers/STM32L4xx_HAL_Driver/Src/stm32l4xx_ll_usb.o
                0x0000000008007ab6                USB_ReadDevAllOutEpInterrupt
 .text.USB_ReadDevAllInEpInterrupt
                0x0000000008007aea       0x34 ./Drivers/STM32L4xx_HAL_Driver/Src/stm32l4xx_ll_usb.o
                0x0000000008007aea                USB_ReadDevAllInEpInterrupt
 .text.USB_ReadDevOutEPInterrupt
                0x0000000008007b1e       0x3c ./Drivers/STM32L4xx_HAL_Driver/Src/stm32l4xx_ll_usb.o
                0x0000000008007b1e                USB_ReadDevOutEPInterrupt
 .text.USB_ReadDevInEPInterrupt
                0x0000000008007b5a       0x5c ./Drivers/STM32L4xx_HAL_Driver/Src/stm32l4xx_ll_usb.o
                0x0000000008007b5a                USB_ReadDevInEPInterrupt
 .text.USB_GetMode
                0x0000000008007bb6       0x1c ./Drivers/STM32L4xx_HAL_Driver/Src/stm32l4xx_ll_usb.o
                0x0000000008007bb6                USB_GetMode
 .text.USB_ActivateSetup
                0x0000000008007bd2       0x46 ./Drivers/STM32L4xx_HAL_Driver/Src/stm32l4xx_ll_usb.o
                0x0000000008007bd2                USB_ActivateSetup
 .text.USB_EP0_OutStart
                0x0000000008007c18       0x90 ./Drivers/STM32L4xx_HAL_Driver/Src/stm32l4xx_ll_usb.o
                0x0000000008007c18                USB_EP0_OutStart
 .text.USB_CoreReset
                0x0000000008007ca8       0x68 ./Drivers/STM32L4xx_HAL_Driver/Src/stm32l4xx_ll_usb.o
 .text.MX_FATFS_Init
                0x0000000008007d10       0x24 ./FATFS/App/fatfs.o
                0x0000000008007d10                MX_FATFS_Init
 .text.get_fattime
                0x0000000008007d34       0x10 ./FATFS/App/fatfs.o
                0x0000000008007d34                get_fattime
 .text.BSP_SD_Init
                0x0000000008007d44       0x30 ./FATFS/Target/bsp_driver_sd.o
                0x0000000008007d44                BSP_SD_Init
 .text.BSP_SD_ReadBlocks
                0x0000000008007d74       0x3c ./FATFS/Target/bsp_driver_sd.o
                0x0000000008007d74                BSP_SD_ReadBlocks
 .text.BSP_SD_WriteBlocks
                0x0000000008007db0       0x3c ./FATFS/Target/bsp_driver_sd.o
                0x0000000008007db0                BSP_SD_WriteBlocks
 .text.BSP_SD_GetCardState
                0x0000000008007dec       0x20 ./FATFS/Target/bsp_driver_sd.o
                0x0000000008007dec                BSP_SD_GetCardState
 .text.BSP_SD_GetCardInfo
                0x0000000008007e0c       0x1c ./FATFS/Target/bsp_driver_sd.o
                0x0000000008007e0c                BSP_SD_GetCardInfo
 .text.HAL_SD_AbortCallback
                0x0000000008007e28       0x14 ./FATFS/Target/bsp_driver_sd.o
                0x0000000008007e28                HAL_SD_AbortCallback
 .text.HAL_SD_TxCpltCallback
                0x0000000008007e3c       0x14 ./FATFS/Target/bsp_driver_sd.o
                0x0000000008007e3c                HAL_SD_TxCpltCallback
 .text.HAL_SD_RxCpltCallback
                0x0000000008007e50       0x14 ./FATFS/Target/bsp_driver_sd.o
                0x0000000008007e50                HAL_SD_RxCpltCallback
 .text.BSP_SD_AbortCallback
                0x0000000008007e64        0xe ./FATFS/Target/bsp_driver_sd.o
                0x0000000008007e64                BSP_SD_AbortCallback
 .text.BSP_SD_WriteCpltCallback
                0x0000000008007e72        0xe ./FATFS/Target/bsp_driver_sd.o
                0x0000000008007e72                BSP_SD_WriteCpltCallback
 .text.BSP_SD_ReadCpltCallback
                0x0000000008007e80        0xe ./FATFS/Target/bsp_driver_sd.o
                0x0000000008007e80                BSP_SD_ReadCpltCallback
 .text.BSP_SD_IsDetected
                0x0000000008007e8e       0x24 ./FATFS/Target/bsp_driver_sd.o
                0x0000000008007e8e                BSP_SD_IsDetected
 *fill*         0x0000000008007eb2        0x2 
 .text.BSP_PlatformIsDetected
                0x0000000008007eb4       0x2c ./FATFS/Target/fatfs_platform.o
                0x0000000008007eb4                BSP_PlatformIsDetected
 .text.SD_CheckStatus
                0x0000000008007ee0       0x3c ./FATFS/Target/sd_diskio.o
 .text.SD_initialize
                0x0000000008007f1c       0x3c ./FATFS/Target/sd_diskio.o
                0x0000000008007f1c                SD_initialize
 .text.SD_status
                0x0000000008007f58       0x1c ./FATFS/Target/sd_diskio.o
                0x0000000008007f58                SD_status
 .text.SD_read  0x0000000008007f74       0x42 ./FATFS/Target/sd_diskio.o
                0x0000000008007f74                SD_read
 .text.SD_write
                0x0000000008007fb6       0x42 ./FATFS/Target/sd_diskio.o
                0x0000000008007fb6                SD_write
 .text.SD_ioctl
                0x0000000008007ff8       0xb0 ./FATFS/Target/sd_diskio.o
                0x0000000008007ff8                SD_ioctl
 .text.USBD_MSC_Init
                0x00000000080080a8      0x120 ./Middlewares/ST/STM32_USB_Device_Library/Class/MSC/Src/usbd_msc.o
                0x00000000080080a8                USBD_MSC_Init
 .text.USBD_MSC_DeInit
                0x00000000080081c8       0xb0 ./Middlewares/ST/STM32_USB_Device_Library/Class/MSC/Src/usbd_msc.o
                0x00000000080081c8                USBD_MSC_DeInit
 .text.USBD_MSC_Setup
                0x0000000008008278      0x1f8 ./Middlewares/ST/STM32_USB_Device_Library/Class/MSC/Src/usbd_msc.o
                0x0000000008008278                USBD_MSC_Setup
 .text.USBD_MSC_DataIn
                0x0000000008008470       0x20 ./Middlewares/ST/STM32_USB_Device_Library/Class/MSC/Src/usbd_msc.o
                0x0000000008008470                USBD_MSC_DataIn
 .text.USBD_MSC_DataOut
                0x0000000008008490       0x20 ./Middlewares/ST/STM32_USB_Device_Library/Class/MSC/Src/usbd_msc.o
                0x0000000008008490                USBD_MSC_DataOut
 .text.USBD_MSC_GetHSCfgDesc
                0x00000000080084b0       0x58 ./Middlewares/ST/STM32_USB_Device_Library/Class/MSC/Src/usbd_msc.o
                0x00000000080084b0                USBD_MSC_GetHSCfgDesc
 .text.USBD_MSC_GetFSCfgDesc
                0x0000000008008508       0x58 ./Middlewares/ST/STM32_USB_Device_Library/Class/MSC/Src/usbd_msc.o
                0x0000000008008508                USBD_MSC_GetFSCfgDesc
 .text.USBD_MSC_GetOtherSpeedCfgDesc
                0x0000000008008560       0x58 ./Middlewares/ST/STM32_USB_Device_Library/Class/MSC/Src/usbd_msc.o
                0x0000000008008560                USBD_MSC_GetOtherSpeedCfgDesc
 .text.USBD_MSC_GetDeviceQualifierDescriptor
                0x00000000080085b8       0x20 ./Middlewares/ST/STM32_USB_Device_Library/Class/MSC/Src/usbd_msc.o
                0x00000000080085b8                USBD_MSC_GetDeviceQualifierDescriptor
 .text.USBD_MSC_RegisterStorage
                0x00000000080085d8       0x34 ./Middlewares/ST/STM32_USB_Device_Library/Class/MSC/Src/usbd_msc.o
                0x00000000080085d8                USBD_MSC_RegisterStorage
 .text.MSC_BOT_Init
                0x000000000800860c       0x94 ./Middlewares/ST/STM32_USB_Device_Library/Class/MSC/Src/usbd_msc_bot.o
                0x000000000800860c                MSC_BOT_Init
 .text.MSC_BOT_Reset
                0x00000000080086a0       0x68 ./Middlewares/ST/STM32_USB_Device_Library/Class/MSC/Src/usbd_msc_bot.o
                0x00000000080086a0                MSC_BOT_Reset
 .text.MSC_BOT_DeInit
                0x0000000008008708       0x30 ./Middlewares/ST/STM32_USB_Device_Library/Class/MSC/Src/usbd_msc_bot.o
                0x0000000008008708                MSC_BOT_DeInit
 .text.MSC_BOT_DataIn
                0x0000000008008738       0x74 ./Middlewares/ST/STM32_USB_Device_Library/Class/MSC/Src/usbd_msc_bot.o
                0x0000000008008738                MSC_BOT_DataIn
 .text.MSC_BOT_DataOut
                0x00000000080087ac       0x68 ./Middlewares/ST/STM32_USB_Device_Library/Class/MSC/Src/usbd_msc_bot.o
                0x00000000080087ac                MSC_BOT_DataOut
 .text.MSC_BOT_CBW_Decode
                0x0000000008008814      0x128 ./Middlewares/ST/STM32_USB_Device_Library/Class/MSC/Src/usbd_msc_bot.o
 .text.MSC_BOT_SendData
                0x000000000800893c       0x6c ./Middlewares/ST/STM32_USB_Device_Library/Class/MSC/Src/usbd_msc_bot.o
 .text.MSC_BOT_SendCSW
                0x00000000080089a8       0x74 ./Middlewares/ST/STM32_USB_Device_Library/Class/MSC/Src/usbd_msc_bot.o
                0x00000000080089a8                MSC_BOT_SendCSW
 .text.MSC_BOT_Abort
                0x0000000008008a1c       0x84 ./Middlewares/ST/STM32_USB_Device_Library/Class/MSC/Src/usbd_msc_bot.o
 .text.MSC_BOT_CplClrFeature
                0x0000000008008aa0       0x74 ./Middlewares/ST/STM32_USB_Device_Library/Class/MSC/Src/usbd_msc_bot.o
                0x0000000008008aa0                MSC_BOT_CplClrFeature
 .text.SCSI_ProcessCmd
                0x0000000008008b14      0x304 ./Middlewares/ST/STM32_USB_Device_Library/Class/MSC/Src/usbd_msc_scsi.o
                0x0000000008008b14                SCSI_ProcessCmd
 .text.SCSI_TestUnitReady
                0x0000000008008e18       0xb2 ./Middlewares/ST/STM32_USB_Device_Library/Class/MSC/Src/usbd_msc_scsi.o
 *fill*         0x0000000008008eca        0x2 
 .text.SCSI_Inquiry
                0x0000000008008ecc       0xfc ./Middlewares/ST/STM32_USB_Device_Library/Class/MSC/Src/usbd_msc_scsi.o
 .text.SCSI_ReadCapacity10
                0x0000000008008fc8       0xfc ./Middlewares/ST/STM32_USB_Device_Library/Class/MSC/Src/usbd_msc_scsi.o
 .text.SCSI_ReadCapacity16
                0x00000000080090c4      0x168 ./Middlewares/ST/STM32_USB_Device_Library/Class/MSC/Src/usbd_msc_scsi.o
 .text.SCSI_ReadFormatCapacity
                0x000000000800922c       0xf6 ./Middlewares/ST/STM32_USB_Device_Library/Class/MSC/Src/usbd_msc_scsi.o
 *fill*         0x0000000008009322        0x2 
 .text.SCSI_ModeSense6
                0x0000000008009324       0x60 ./Middlewares/ST/STM32_USB_Device_Library/Class/MSC/Src/usbd_msc_scsi.o
 .text.SCSI_ModeSense10
                0x0000000008009384       0x60 ./Middlewares/ST/STM32_USB_Device_Library/Class/MSC/Src/usbd_msc_scsi.o
 .text.SCSI_RequestSense
                0x00000000080093e4      0x106 ./Middlewares/ST/STM32_USB_Device_Library/Class/MSC/Src/usbd_msc_scsi.o
 .text.SCSI_SenseCode
                0x00000000080094ea       0x96 ./Middlewares/ST/STM32_USB_Device_Library/Class/MSC/Src/usbd_msc_scsi.o
                0x00000000080094ea                SCSI_SenseCode
 .text.SCSI_StartStopUnit
                0x0000000008009580       0xaa ./Middlewares/ST/STM32_USB_Device_Library/Class/MSC/Src/usbd_msc_scsi.o
 .text.SCSI_AllowPreventRemovable
                0x000000000800962a       0x5a ./Middlewares/ST/STM32_USB_Device_Library/Class/MSC/Src/usbd_msc_scsi.o
 .text.SCSI_Read10
                0x0000000008009684      0x154 ./Middlewares/ST/STM32_USB_Device_Library/Class/MSC/Src/usbd_msc_scsi.o
 .text.SCSI_Read12
                0x00000000080097d8      0x168 ./Middlewares/ST/STM32_USB_Device_Library/Class/MSC/Src/usbd_msc_scsi.o
 .text.SCSI_Write10
                0x0000000008009940      0x1ac ./Middlewares/ST/STM32_USB_Device_Library/Class/MSC/Src/usbd_msc_scsi.o
 .text.SCSI_Write12
                0x0000000008009aec      0x1cc ./Middlewares/ST/STM32_USB_Device_Library/Class/MSC/Src/usbd_msc_scsi.o
 .text.SCSI_Verify10
                0x0000000008009cb8       0x7a ./Middlewares/ST/STM32_USB_Device_Library/Class/MSC/Src/usbd_msc_scsi.o
 .text.SCSI_CheckAddressRange
                0x0000000008009d32       0x58 ./Middlewares/ST/STM32_USB_Device_Library/Class/MSC/Src/usbd_msc_scsi.o
 *fill*         0x0000000008009d8a        0x2 
 .text.SCSI_ProcessRead
                0x0000000008009d8c      0x10c ./Middlewares/ST/STM32_USB_Device_Library/Class/MSC/Src/usbd_msc_scsi.o
 .text.SCSI_ProcessWrite
                0x0000000008009e98      0x12c ./Middlewares/ST/STM32_USB_Device_Library/Class/MSC/Src/usbd_msc_scsi.o
 .text.SCSI_UpdateBotData
                0x0000000008009fc4       0x52 ./Middlewares/ST/STM32_USB_Device_Library/Class/MSC/Src/usbd_msc_scsi.o
 .text.USBD_Init
                0x000000000800a016       0x60 ./Middlewares/ST/STM32_USB_Device_Library/Core/Src/usbd_core.o
                0x000000000800a016                USBD_Init
 .text.USBD_RegisterClass
                0x000000000800a076       0x6c ./Middlewares/ST/STM32_USB_Device_Library/Core/Src/usbd_core.o
                0x000000000800a076                USBD_RegisterClass
 .text.USBD_Start
                0x000000000800a0e2       0x18 ./Middlewares/ST/STM32_USB_Device_Library/Core/Src/usbd_core.o
                0x000000000800a0e2                USBD_Start
 .text.USBD_RunTestMode
                0x000000000800a0fa       0x16 ./Middlewares/ST/STM32_USB_Device_Library/Core/Src/usbd_core.o
                0x000000000800a0fa                USBD_RunTestMode
 .text.USBD_SetClassConfig
                0x000000000800a110       0x38 ./Middlewares/ST/STM32_USB_Device_Library/Core/Src/usbd_core.o
                0x000000000800a110                USBD_SetClassConfig
 .text.USBD_ClrClassConfig
                0x000000000800a148       0x34 ./Middlewares/ST/STM32_USB_Device_Library/Core/Src/usbd_core.o
                0x000000000800a148                USBD_ClrClassConfig
 .text.USBD_LL_SetupStage
                0x000000000800a17c       0xaa ./Middlewares/ST/STM32_USB_Device_Library/Core/Src/usbd_core.o
                0x000000000800a17c                USBD_LL_SetupStage
 .text.USBD_LL_DataOutStage
                0x000000000800a226      0x166 ./Middlewares/ST/STM32_USB_Device_Library/Core/Src/usbd_core.o
                0x000000000800a226                USBD_LL_DataOutStage
 .text.USBD_LL_DataInStage
                0x000000000800a38c      0x164 ./Middlewares/ST/STM32_USB_Device_Library/Core/Src/usbd_core.o
                0x000000000800a38c                USBD_LL_DataInStage
 .text.USBD_LL_Reset
                0x000000000800a4f0       0xa4 ./Middlewares/ST/STM32_USB_Device_Library/Core/Src/usbd_core.o
                0x000000000800a4f0                USBD_LL_Reset
 .text.USBD_LL_SetSpeed
                0x000000000800a594       0x20 ./Middlewares/ST/STM32_USB_Device_Library/Core/Src/usbd_core.o
                0x000000000800a594                USBD_LL_SetSpeed
 .text.USBD_LL_Suspend
                0x000000000800a5b4       0x38 ./Middlewares/ST/STM32_USB_Device_Library/Core/Src/usbd_core.o
                0x000000000800a5b4                USBD_LL_Suspend
 .text.USBD_LL_Resume
                0x000000000800a5ec       0x30 ./Middlewares/ST/STM32_USB_Device_Library/Core/Src/usbd_core.o
                0x000000000800a5ec                USBD_LL_Resume
 .text.USBD_LL_SOF
                0x000000000800a61c       0x40 ./Middlewares/ST/STM32_USB_Device_Library/Core/Src/usbd_core.o
                0x000000000800a61c                USBD_LL_SOF
 .text.USBD_LL_IsoINIncomplete
                0x000000000800a65c       0x64 ./Middlewares/ST/STM32_USB_Device_Library/Core/Src/usbd_core.o
                0x000000000800a65c                USBD_LL_IsoINIncomplete
 .text.USBD_LL_IsoOUTIncomplete
                0x000000000800a6c0       0x64 ./Middlewares/ST/STM32_USB_Device_Library/Core/Src/usbd_core.o
                0x000000000800a6c0                USBD_LL_IsoOUTIncomplete
 .text.USBD_LL_DevConnected
                0x000000000800a724       0x16 ./Middlewares/ST/STM32_USB_Device_Library/Core/Src/usbd_core.o
                0x000000000800a724                USBD_LL_DevConnected
 .text.USBD_LL_DevDisconnected
                0x000000000800a73a       0x46 ./Middlewares/ST/STM32_USB_Device_Library/Core/Src/usbd_core.o
                0x000000000800a73a                USBD_LL_DevDisconnected
 .text.USBD_CoreFindIF
                0x000000000800a780       0x1a ./Middlewares/ST/STM32_USB_Device_Library/Core/Src/usbd_core.o
                0x000000000800a780                USBD_CoreFindIF
 .text.USBD_CoreFindEP
                0x000000000800a79a       0x1a ./Middlewares/ST/STM32_USB_Device_Library/Core/Src/usbd_core.o
                0x000000000800a79a                USBD_CoreFindEP
 .text.USBD_GetEpDesc
                0x000000000800a7b4       0x74 ./Middlewares/ST/STM32_USB_Device_Library/Core/Src/usbd_core.o
                0x000000000800a7b4                USBD_GetEpDesc
 .text.USBD_GetNextDesc
                0x000000000800a828       0x3a ./Middlewares/ST/STM32_USB_Device_Library/Core/Src/usbd_core.o
                0x000000000800a828                USBD_GetNextDesc
 .text.SWAPBYTE
                0x000000000800a862       0x3c ./Middlewares/ST/STM32_USB_Device_Library/Core/Src/usbd_ctlreq.o
 *fill*         0x000000000800a89e        0x2 
 .text.USBD_StdDevReq
                0x000000000800a8a0       0xe4 ./Middlewares/ST/STM32_USB_Device_Library/Core/Src/usbd_ctlreq.o
                0x000000000800a8a0                USBD_StdDevReq
 .text.USBD_StdItfReq
                0x000000000800a984       0xd8 ./Middlewares/ST/STM32_USB_Device_Library/Core/Src/usbd_ctlreq.o
                0x000000000800a984                USBD_StdItfReq
 .text.USBD_StdEPReq
                0x000000000800aa5c      0x33a ./Middlewares/ST/STM32_USB_Device_Library/Core/Src/usbd_ctlreq.o
                0x000000000800aa5c                USBD_StdEPReq
 *fill*         0x000000000800ad96        0x2 
 .text.USBD_GetDescriptor
                0x000000000800ad98      0x328 ./Middlewares/ST/STM32_USB_Device_Library/Core/Src/usbd_ctlreq.o
 .text.USBD_SetAddress
                0x000000000800b0c0       0x88 ./Middlewares/ST/STM32_USB_Device_Library/Core/Src/usbd_ctlreq.o
 .text.USBD_SetConfig
                0x000000000800b148      0x154 ./Middlewares/ST/STM32_USB_Device_Library/Core/Src/usbd_ctlreq.o
 .text.USBD_GetConfig
                0x000000000800b29c       0x6c ./Middlewares/ST/STM32_USB_Device_Library/Core/Src/usbd_ctlreq.o
 .text.USBD_GetStatus
                0x000000000800b308       0x68 ./Middlewares/ST/STM32_USB_Device_Library/Core/Src/usbd_ctlreq.o
 .text.USBD_SetFeature
                0x000000000800b370       0x52 ./Middlewares/ST/STM32_USB_Device_Library/Core/Src/usbd_ctlreq.o
 .text.USBD_ClrFeature
                0x000000000800b3c2       0x44 ./Middlewares/ST/STM32_USB_Device_Library/Core/Src/usbd_ctlreq.o
 .text.USBD_ParseSetupRequest
                0x000000000800b406       0x74 ./Middlewares/ST/STM32_USB_Device_Library/Core/Src/usbd_ctlreq.o
                0x000000000800b406                USBD_ParseSetupRequest
 .text.USBD_CtlError
                0x000000000800b47a       0x22 ./Middlewares/ST/STM32_USB_Device_Library/Core/Src/usbd_ctlreq.o
                0x000000000800b47a                USBD_CtlError
 .text.USBD_GetString
                0x000000000800b49c       0x8c ./Middlewares/ST/STM32_USB_Device_Library/Core/Src/usbd_ctlreq.o
                0x000000000800b49c                USBD_GetString
 .text.USBD_GetLen
                0x000000000800b528       0x34 ./Middlewares/ST/STM32_USB_Device_Library/Core/Src/usbd_ctlreq.o
 .text.USBD_CtlSendData
                0x000000000800b55c       0x36 ./Middlewares/ST/STM32_USB_Device_Library/Core/Src/usbd_ioreq.o
                0x000000000800b55c                USBD_CtlSendData
 .text.USBD_CtlContinueSendData
                0x000000000800b592       0x22 ./Middlewares/ST/STM32_USB_Device_Library/Core/Src/usbd_ioreq.o
                0x000000000800b592                USBD_CtlContinueSendData
 .text.USBD_CtlContinueRx
                0x000000000800b5b4       0x22 ./Middlewares/ST/STM32_USB_Device_Library/Core/Src/usbd_ioreq.o
                0x000000000800b5b4                USBD_CtlContinueRx
 .text.USBD_CtlSendStatus
                0x000000000800b5d6       0x26 ./Middlewares/ST/STM32_USB_Device_Library/Core/Src/usbd_ioreq.o
                0x000000000800b5d6                USBD_CtlSendStatus
 .text.USBD_CtlReceiveStatus
                0x000000000800b5fc       0x26 ./Middlewares/ST/STM32_USB_Device_Library/Core/Src/usbd_ioreq.o
                0x000000000800b5fc                USBD_CtlReceiveStatus
 *fill*         0x000000000800b622        0x2 
 .text.disk_status
                0x000000000800b624       0x34 ./Middlewares/Third_Party/FatFs/src/diskio.o
                0x000000000800b624                disk_status
 .text.disk_initialize
                0x000000000800b658       0x4c ./Middlewares/Third_Party/FatFs/src/diskio.o
                0x000000000800b658                disk_initialize
 .text.disk_read
                0x000000000800b6a4       0x40 ./Middlewares/Third_Party/FatFs/src/diskio.o
                0x000000000800b6a4                disk_read
 .text.disk_write
                0x000000000800b6e4       0x40 ./Middlewares/Third_Party/FatFs/src/diskio.o
                0x000000000800b6e4                disk_write
 .text.disk_ioctl
                0x000000000800b724       0x3c ./Middlewares/Third_Party/FatFs/src/diskio.o
                0x000000000800b724                disk_ioctl
 .text.ld_word  0x000000000800b760       0x30 ./Middlewares/Third_Party/FatFs/src/ff.o
 .text.ld_dword
                0x000000000800b790       0x46 ./Middlewares/Third_Party/FatFs/src/ff.o
 .text.st_word  0x000000000800b7d6       0x36 ./Middlewares/Third_Party/FatFs/src/ff.o
 .text.st_dword
                0x000000000800b80c       0x58 ./Middlewares/Third_Party/FatFs/src/ff.o
 .text.mem_cpy  0x000000000800b864       0x42 ./Middlewares/Third_Party/FatFs/src/ff.o
 .text.mem_set  0x000000000800b8a6       0x36 ./Middlewares/Third_Party/FatFs/src/ff.o
 .text.mem_cmp  0x000000000800b8dc       0x4e ./Middlewares/Third_Party/FatFs/src/ff.o
 .text.chk_chr  0x000000000800b92a       0x36 ./Middlewares/Third_Party/FatFs/src/ff.o
 .text.chk_lock
                0x000000000800b960       0xb8 ./Middlewares/Third_Party/FatFs/src/ff.o
 .text.enq_lock
                0x000000000800ba18       0x44 ./Middlewares/Third_Party/FatFs/src/ff.o
 .text.inc_lock
                0x000000000800ba5c      0x11c ./Middlewares/Third_Party/FatFs/src/ff.o
 .text.dec_lock
                0x000000000800bb78       0x78 ./Middlewares/Third_Party/FatFs/src/ff.o
 .text.clear_lock
                0x000000000800bbf0       0x48 ./Middlewares/Third_Party/FatFs/src/ff.o
 .text.sync_window
                0x000000000800bc38       0x88 ./Middlewares/Third_Party/FatFs/src/ff.o
 .text.move_window
                0x000000000800bcc0       0x5a ./Middlewares/Third_Party/FatFs/src/ff.o
 *fill*         0x000000000800bd1a        0x2 
 .text.sync_fs  0x000000000800bd1c       0xdc ./Middlewares/Third_Party/FatFs/src/ff.o
 .text.clust2sect
                0x000000000800bdf8       0x3e ./Middlewares/Third_Party/FatFs/src/ff.o
 .text.get_fat  0x000000000800be36      0x150 ./Middlewares/Third_Party/FatFs/src/ff.o
 .text.put_fat  0x000000000800bf86      0x1d4 ./Middlewares/Third_Party/FatFs/src/ff.o
 .text.remove_chain
                0x000000000800c15a       0xca ./Middlewares/Third_Party/FatFs/src/ff.o
 .text.create_chain
                0x000000000800c224      0x130 ./Middlewares/Third_Party/FatFs/src/ff.o
 .text.clmt_clust
                0x000000000800c354       0x68 ./Middlewares/Third_Party/FatFs/src/ff.o
 .text.dir_sdi  0x000000000800c3bc       0xf6 ./Middlewares/Third_Party/FatFs/src/ff.o
 .text.dir_next
                0x000000000800c4b2      0x18a ./Middlewares/Third_Party/FatFs/src/ff.o
 .text.dir_alloc
                0x000000000800c63c       0x8e ./Middlewares/Third_Party/FatFs/src/ff.o
 .text.ld_clust
                0x000000000800c6ca       0x3e ./Middlewares/Third_Party/FatFs/src/ff.o
 .text.st_clust
                0x000000000800c708       0x40 ./Middlewares/Third_Party/FatFs/src/ff.o
 .text.cmp_lfn  0x000000000800c748       0xe0 ./Middlewares/Third_Party/FatFs/src/ff.o
 .text.put_lfn  0x000000000800c828       0xd0 ./Middlewares/Third_Party/FatFs/src/ff.o
 .text.gen_numname
                0x000000000800c8f8      0x11c ./Middlewares/Third_Party/FatFs/src/ff.o
 .text.sum_sfn  0x000000000800ca14       0x42 ./Middlewares/Third_Party/FatFs/src/ff.o
 .text.dir_find
                0x000000000800ca56      0x180 ./Middlewares/Third_Party/FatFs/src/ff.o
 *fill*         0x000000000800cbd6        0x2 
 .text.dir_register
                0x000000000800cbd8      0x1f0 ./Middlewares/Third_Party/FatFs/src/ff.o
 .text.create_name
                0x000000000800cdc8      0x370 ./Middlewares/Third_Party/FatFs/src/ff.o
 .text.follow_path
                0x000000000800d138       0xe2 ./Middlewares/Third_Party/FatFs/src/ff.o
 .text.get_ldnumber
                0x000000000800d21a       0x88 ./Middlewares/Third_Party/FatFs/src/ff.o
 *fill*         0x000000000800d2a2        0x2 
 .text.check_fs
                0x000000000800d2a4       0xac ./Middlewares/Third_Party/FatFs/src/ff.o
 .text.find_volume
                0x000000000800d350      0x4a0 ./Middlewares/Third_Party/FatFs/src/ff.o
 .text.validate
                0x000000000800d7f0       0x6a ./Middlewares/Third_Party/FatFs/src/ff.o
 *fill*         0x000000000800d85a        0x2 
 .text.f_mount  0x000000000800d85c       0x8c ./Middlewares/Third_Party/FatFs/src/ff.o
                0x000000000800d85c                f_mount
 .text.f_open   0x000000000800d8e8      0x37c ./Middlewares/Third_Party/FatFs/src/ff.o
                0x000000000800d8e8                f_open
 .text.f_write  0x000000000800dc64      0x2ea ./Middlewares/Third_Party/FatFs/src/ff.o
                0x000000000800dc64                f_write
 .text.f_sync   0x000000000800df4e       0xfc ./Middlewares/Third_Party/FatFs/src/ff.o
                0x000000000800df4e                f_sync
 .text.f_close  0x000000000800e04a       0x54 ./Middlewares/Third_Party/FatFs/src/ff.o
                0x000000000800e04a                f_close
 *fill*         0x000000000800e09e        0x2 
 .text.FATFS_LinkDriverEx
                0x000000000800e0a0       0x98 ./Middlewares/Third_Party/FatFs/src/ff_gen_drv.o
                0x000000000800e0a0                FATFS_LinkDriverEx
 .text.FATFS_LinkDriver
                0x000000000800e138       0x1e ./Middlewares/Third_Party/FatFs/src/ff_gen_drv.o
                0x000000000800e138                FATFS_LinkDriver
 *fill*         0x000000000800e156        0x2 
 .text.ff_convert
                0x000000000800e158       0x78 ./Middlewares/Third_Party/FatFs/src/option/ccsbcs.o
                0x000000000800e158                ff_convert
 .text.ff_wtoupper
                0x000000000800e1d0      0x114 ./Middlewares/Third_Party/FatFs/src/option/ccsbcs.o
                0x000000000800e1d0                ff_wtoupper
 .text.MX_USB_DEVICE_Init
                0x000000000800e2e4       0x60 ./USB_DEVICE/App/usb_device.o
                0x000000000800e2e4                MX_USB_DEVICE_Init
 .text.USBD_FS_DeviceDescriptor
                0x000000000800e344       0x24 ./USB_DEVICE/App/usbd_desc.o
                0x000000000800e344                USBD_FS_DeviceDescriptor
 .text.USBD_FS_LangIDStrDescriptor
                0x000000000800e368       0x24 ./USB_DEVICE/App/usbd_desc.o
                0x000000000800e368                USBD_FS_LangIDStrDescriptor
 .text.USBD_FS_ProductStrDescriptor
                0x000000000800e38c       0x3c ./USB_DEVICE/App/usbd_desc.o
                0x000000000800e38c                USBD_FS_ProductStrDescriptor
 .text.USBD_FS_ManufacturerStrDescriptor
                0x000000000800e3c8       0x28 ./USB_DEVICE/App/usbd_desc.o
                0x000000000800e3c8                USBD_FS_ManufacturerStrDescriptor
 .text.USBD_FS_SerialStrDescriptor
                0x000000000800e3f0       0x24 ./USB_DEVICE/App/usbd_desc.o
                0x000000000800e3f0                USBD_FS_SerialStrDescriptor
 .text.USBD_FS_ConfigStrDescriptor
                0x000000000800e414       0x3c ./USB_DEVICE/App/usbd_desc.o
                0x000000000800e414                USBD_FS_ConfigStrDescriptor
 .text.USBD_FS_InterfaceStrDescriptor
                0x000000000800e450       0x3c ./USB_DEVICE/App/usbd_desc.o
                0x000000000800e450                USBD_FS_InterfaceStrDescriptor
 .text.USBD_FS_USR_BOSDescriptor
                0x000000000800e48c       0x24 ./USB_DEVICE/App/usbd_desc.o
                0x000000000800e48c                USBD_FS_USR_BOSDescriptor
 .text.Get_SerialNum
                0x000000000800e4b0       0x58 ./USB_DEVICE/App/usbd_desc.o
 .text.IntToUnicode
                0x000000000800e508       0x7e ./USB_DEVICE/App/usbd_desc.o
 .text.STORAGE_Init_FS
                0x000000000800e586       0x18 ./USB_DEVICE/App/usbd_storage_if.o
 *fill*         0x000000000800e59e        0x2 
 .text.STORAGE_GetCapacity_FS
                0x000000000800e5a0       0x48 ./USB_DEVICE/App/usbd_storage_if.o
 .text.STORAGE_IsReady_FS
                0x000000000800e5e8       0x18 ./USB_DEVICE/App/usbd_storage_if.o
 .text.STORAGE_IsWriteProtected_FS
                0x000000000800e600       0x18 ./USB_DEVICE/App/usbd_storage_if.o
 .text.STORAGE_Read_FS
                0x000000000800e618       0x4c ./USB_DEVICE/App/usbd_storage_if.o
 .text.STORAGE_Write_FS
                0x000000000800e664       0x4c ./USB_DEVICE/App/usbd_storage_if.o
 .text.STORAGE_GetMaxLun_FS
                0x000000000800e6b0       0x10 ./USB_DEVICE/App/usbd_storage_if.o
 .text.HAL_PCD_MspInit
                0x000000000800e6c0       0xcc ./USB_DEVICE/Target/usbd_conf.o
                0x000000000800e6c0                HAL_PCD_MspInit
 .text.HAL_PCD_SetupStageCallback
                0x000000000800e78c       0x24 ./USB_DEVICE/Target/usbd_conf.o
                0x000000000800e78c                HAL_PCD_SetupStageCallback
 .text.HAL_PCD_DataOutStageCallback
                0x000000000800e7b0       0x36 ./USB_DEVICE/Target/usbd_conf.o
                0x000000000800e7b0                HAL_PCD_DataOutStageCallback
 .text.HAL_PCD_DataInStageCallback
                0x000000000800e7e6       0x34 ./USB_DEVICE/Target/usbd_conf.o
                0x000000000800e7e6                HAL_PCD_DataInStageCallback
 .text.HAL_PCD_SOFCallback
                0x000000000800e81a       0x1c ./USB_DEVICE/Target/usbd_conf.o
                0x000000000800e81a                HAL_PCD_SOFCallback
 .text.HAL_PCD_ResetCallback
                0x000000000800e836       0x3c ./USB_DEVICE/Target/usbd_conf.o
                0x000000000800e836                HAL_PCD_ResetCallback
 *fill*         0x000000000800e872        0x2 
 .text.HAL_PCD_SuspendCallback
                0x000000000800e874       0x4c ./USB_DEVICE/Target/usbd_conf.o
                0x000000000800e874                HAL_PCD_SuspendCallback
 .text.HAL_PCD_ResumeCallback
                0x000000000800e8c0       0x50 ./USB_DEVICE/Target/usbd_conf.o
                0x000000000800e8c0                HAL_PCD_ResumeCallback
 .text.HAL_PCD_ISOOUTIncompleteCallback
                0x000000000800e910       0x24 ./USB_DEVICE/Target/usbd_conf.o
                0x000000000800e910                HAL_PCD_ISOOUTIncompleteCallback
 .text.HAL_PCD_ISOINIncompleteCallback
                0x000000000800e934       0x24 ./USB_DEVICE/Target/usbd_conf.o
                0x000000000800e934                HAL_PCD_ISOINIncompleteCallback
 .text.HAL_PCD_ConnectCallback
                0x000000000800e958       0x1c ./USB_DEVICE/Target/usbd_conf.o
                0x000000000800e958                HAL_PCD_ConnectCallback
 .text.HAL_PCD_DisconnectCallback
                0x000000000800e974       0x1c ./USB_DEVICE/Target/usbd_conf.o
                0x000000000800e974                HAL_PCD_DisconnectCallback
 .text.USBD_LL_Init
                0x000000000800e990       0x98 ./USB_DEVICE/Target/usbd_conf.o
                0x000000000800e990                USBD_LL_Init
 .text.USBD_LL_Start
                0x000000000800ea28       0x64 ./USB_DEVICE/Target/usbd_conf.o
                0x000000000800ea28                USBD_LL_Start
 .text.USBD_LL_OpenEP
                0x000000000800ea8c       0x7c ./USB_DEVICE/Target/usbd_conf.o
                0x000000000800ea8c                USBD_LL_OpenEP
 .text.USBD_LL_CloseEP
                0x000000000800eb08       0x6c ./USB_DEVICE/Target/usbd_conf.o
                0x000000000800eb08                USBD_LL_CloseEP
 .text.USBD_LL_FlushEP
                0x000000000800eb74       0x6c ./USB_DEVICE/Target/usbd_conf.o
                0x000000000800eb74                USBD_LL_FlushEP
 .text.USBD_LL_StallEP
                0x000000000800ebe0       0x6c ./USB_DEVICE/Target/usbd_conf.o
                0x000000000800ebe0                USBD_LL_StallEP
 .text.USBD_LL_ClearStallEP
                0x000000000800ec4c       0x6c ./USB_DEVICE/Target/usbd_conf.o
                0x000000000800ec4c                USBD_LL_ClearStallEP
 .text.USBD_LL_IsStallEP
                0x000000000800ecb8       0x58 ./USB_DEVICE/Target/usbd_conf.o
                0x000000000800ecb8                USBD_LL_IsStallEP
 .text.USBD_LL_SetUSBAddress
                0x000000000800ed10       0x6c ./USB_DEVICE/Target/usbd_conf.o
                0x000000000800ed10                USBD_LL_SetUSBAddress
 .text.USBD_LL_Transmit
                0x000000000800ed7c       0x70 ./USB_DEVICE/Target/usbd_conf.o
                0x000000000800ed7c                USBD_LL_Transmit
 .text.USBD_LL_PrepareReceive
                0x000000000800edec       0x70 ./USB_DEVICE/Target/usbd_conf.o
                0x000000000800edec                USBD_LL_PrepareReceive
 .text.USBD_LL_GetRxDataSize
                0x000000000800ee5c       0x26 ./USB_DEVICE/Target/usbd_conf.o
                0x000000000800ee5c                USBD_LL_GetRxDataSize
 *fill*         0x000000000800ee82        0x2 
 .text.HAL_PCDEx_LPM_Callback
                0x000000000800ee84       0x9c ./USB_DEVICE/Target/usbd_conf.o
                0x000000000800ee84                HAL_PCDEx_LPM_Callback
 .text.USBD_static_malloc
                0x000000000800ef20       0x1c ./USB_DEVICE/Target/usbd_conf.o
                0x000000000800ef20                USBD_static_malloc
 .text.USBD_static_free
                0x000000000800ef3c       0x14 ./USB_DEVICE/Target/usbd_conf.o
                0x000000000800ef3c                USBD_static_free
 .text.SystemClockConfig_Resume
                0x000000000800ef50        0xc ./USB_DEVICE/Target/usbd_conf.o
 .text.memset   0x000000000800ef5c       0x10 C:/ST/STM32CubeIDE_1.11.2/STM32CubeIDE/plugins/com.st.stm32cube.ide.mcu.externaltools.gnu-tools-for-stm32.11.3.rel1.win32_1.1.0.202305231506/tools/bin/../lib/gcc/arm-none-eabi/11.3.1/../../../../arm-none-eabi/lib/thumb/v7e-m+fp/hard\libc_nano.a(libc_a-memset.o)
                0x000000000800ef5c                memset
 .text.__libc_init_array
                0x000000000800ef6c       0x48 C:/ST/STM32CubeIDE_1.11.2/STM32CubeIDE/plugins/com.st.stm32cube.ide.mcu.externaltools.gnu-tools-for-stm32.11.3.rel1.win32_1.1.0.202305231506/tools/bin/../lib/gcc/arm-none-eabi/11.3.1/../../../../arm-none-eabi/lib/thumb/v7e-m+fp/hard\libc_nano.a(libc_a-init.o)
                0x000000000800ef6c                __libc_init_array
 *(.glue_7)
 .glue_7        0x000000000800efb4        0x0 linker stubs
 *(.glue_7t)
 .glue_7t       0x000000000800efb4        0x0 linker stubs
 *(.eh_frame)
 .eh_frame      0x000000000800efb4        0x0 C:/ST/STM32CubeIDE_1.11.2/STM32CubeIDE/plugins/com.st.stm32cube.ide.mcu.externaltools.gnu-tools-for-stm32.11.3.rel1.win32_1.1.0.202305231506/tools/bin/../lib/gcc/arm-none-eabi/11.3.1/thumb/v7e-m+fp/hard/crtbegin.o
 *(.init)
 .init          0x000000000800efb4        0x4 C:/ST/STM32CubeIDE_1.11.2/STM32CubeIDE/plugins/com.st.stm32cube.ide.mcu.externaltools.gnu-tools-for-stm32.11.3.rel1.win32_1.1.0.202305231506/tools/bin/../lib/gcc/arm-none-eabi/11.3.1/thumb/v7e-m+fp/hard/crti.o
                0x000000000800efb4                _init
 .init          0x000000000800efb8        0x8 C:/ST/STM32CubeIDE_1.11.2/STM32CubeIDE/plugins/com.st.stm32cube.ide.mcu.externaltools.gnu-tools-for-stm32.11.3.rel1.win32_1.1.0.202305231506/tools/bin/../lib/gcc/arm-none-eabi/11.3.1/thumb/v7e-m+fp/hard/crtn.o
 *(.fini)
 .fini          0x000000000800efc0        0x4 C:/ST/STM32CubeIDE_1.11.2/STM32CubeIDE/plugins/com.st.stm32cube.ide.mcu.externaltools.gnu-tools-for-stm32.11.3.rel1.win32_1.1.0.202305231506/tools/bin/../lib/gcc/arm-none-eabi/11.3.1/thumb/v7e-m+fp/hard/crti.o
                0x000000000800efc0                _fini
 .fini          0x000000000800efc4        0x8 C:/ST/STM32CubeIDE_1.11.2/STM32CubeIDE/plugins/com.st.stm32cube.ide.mcu.externaltools.gnu-tools-for-stm32.11.3.rel1.win32_1.1.0.202305231506/tools/bin/../lib/gcc/arm-none-eabi/11.3.1/thumb/v7e-m+fp/hard/crtn.o
                0x000000000800efcc                . = ALIGN (0x4)
                0x000000000800efcc                _etext = .

.vfp11_veneer   0x000000000800efcc        0x0
 .vfp11_veneer  0x000000000800efcc        0x0 linker stubs

.v4_bx          0x000000000800efcc        0x0
 .v4_bx         0x000000000800efcc        0x0 linker stubs

.iplt           0x000000000800efcc        0x0
 .iplt          0x000000000800efcc        0x0 C:/ST/STM32CubeIDE_1.11.2/STM32CubeIDE/plugins/com.st.stm32cube.ide.mcu.externaltools.gnu-tools-for-stm32.11.3.rel1.win32_1.1.0.202305231506/tools/bin/../lib/gcc/arm-none-eabi/11.3.1/thumb/v7e-m+fp/hard/crtbegin.o

.rodata         0x000000000800efcc      0x560
                0x000000000800efcc                . = ALIGN (0x4)
 *(.rodata)
 .rodata        0x000000000800efcc       0x13 ./Core/Src/main.o
 *fill*         0x000000000800efdf        0x1 
 .rodata        0x000000000800efe0       0x48 ./Middlewares/Third_Party/FatFs/src/ff.o
 .rodata        0x000000000800f028       0x42 ./USB_DEVICE/App/usbd_desc.o
 *(.rodata*)
 *fill*         0x000000000800f06a        0x2 
 .rodata.AHBPrescTable
                0x000000000800f06c       0x10 ./Core/Src/system_stm32l4xx.o
                0x000000000800f06c                AHBPrescTable
 .rodata.APBPrescTable
                0x000000000800f07c        0x8 ./Core/Src/system_stm32l4xx.o
                0x000000000800f07c                APBPrescTable
 .rodata.MSIRangeTable
                0x000000000800f084       0x30 ./Core/Src/system_stm32l4xx.o
                0x000000000800f084                MSIRangeTable
 .rodata.SD_Driver
                0x000000000800f0b4       0x14 ./FATFS/Target/sd_diskio.o
                0x000000000800f0b4                SD_Driver
 .rodata.ExCvt  0x000000000800f0c8       0x80 ./Middlewares/Third_Party/FatFs/src/ff.o
 .rodata.LfnOfs
                0x000000000800f148        0xd ./Middlewares/Third_Party/FatFs/src/ff.o
 *fill*         0x000000000800f155        0x3 
 .rodata.Tbl    0x000000000800f158      0x100 ./Middlewares/Third_Party/FatFs/src/option/ccsbcs.o
 .rodata.cvt1.1
                0x000000000800f258      0x1f2 ./Middlewares/Third_Party/FatFs/src/option/ccsbcs.o
 *fill*         0x000000000800f44a        0x2 
 .rodata.cvt2.0
                0x000000000800f44c       0xbc ./Middlewares/Third_Party/FatFs/src/option/ccsbcs.o
 .rodata.STORAGE_Inquirydata_FS
                0x000000000800f508       0x24 ./USB_DEVICE/App/usbd_storage_if.o
                0x000000000800f508                STORAGE_Inquirydata_FS
                0x000000000800f52c                . = ALIGN (0x4)

.rel.dyn        0x000000000800f52c        0x0
 .rel.iplt      0x000000000800f52c        0x0 C:/ST/STM32CubeIDE_1.11.2/STM32CubeIDE/plugins/com.st.stm32cube.ide.mcu.externaltools.gnu-tools-for-stm32.11.3.rel1.win32_1.1.0.202305231506/tools/bin/../lib/gcc/arm-none-eabi/11.3.1/thumb/v7e-m+fp/hard/crtbegin.o

.ARM.extab      0x000000000800f52c        0x0
                0x000000000800f52c                . = ALIGN (0x4)
 *(.ARM.extab* .gnu.linkonce.armextab.*)
                0x000000000800f52c                . = ALIGN (0x4)

.ARM            0x000000000800f52c        0x0
                0x000000000800f52c                . = ALIGN (0x4)
                0x000000000800f52c                __exidx_start = .
 *(.ARM.exidx*)
                0x000000000800f52c                __exidx_end = .
                0x000000000800f52c                . = ALIGN (0x4)

.preinit_array  0x000000000800f52c        0x0
                0x000000000800f52c                . = ALIGN (0x4)
                0x000000000800f52c                PROVIDE (__preinit_array_start = .)
 *(.preinit_array*)
                0x000000000800f52c                PROVIDE (__preinit_array_end = .)
                0x000000000800f52c                . = ALIGN (0x4)

.init_array     0x000000000800f52c        0x4
                0x000000000800f52c                . = ALIGN (0x4)
                0x000000000800f52c                PROVIDE (__init_array_start = .)
 *(SORT_BY_NAME(.init_array.*))
 *(.init_array*)
 .init_array    0x000000000800f52c        0x4 C:/ST/STM32CubeIDE_1.11.2/STM32CubeIDE/plugins/com.st.stm32cube.ide.mcu.externaltools.gnu-tools-for-stm32.11.3.rel1.win32_1.1.0.202305231506/tools/bin/../lib/gcc/arm-none-eabi/11.3.1/thumb/v7e-m+fp/hard/crtbegin.o
                0x000000000800f530                PROVIDE (__init_array_end = .)
                0x000000000800f530                . = ALIGN (0x4)

.fini_array     0x000000000800f530        0x4
                0x000000000800f530                . = ALIGN (0x4)
                [!provide]                        PROVIDE (__fini_array_start = .)
 *(SORT_BY_NAME(.fini_array.*))
 *(.fini_array*)
 .fini_array    0x000000000800f530        0x4 C:/ST/STM32CubeIDE_1.11.2/STM32CubeIDE/plugins/com.st.stm32cube.ide.mcu.externaltools.gnu-tools-for-stm32.11.3.rel1.win32_1.1.0.202305231506/tools/bin/../lib/gcc/arm-none-eabi/11.3.1/thumb/v7e-m+fp/hard/crtbegin.o
                [!provide]                        PROVIDE (__fini_array_end = .)
                0x000000000800f534                . = ALIGN (0x4)
                0x000000000800f534                _sidata = LOADADDR (.data)

.data           0x0000000020000000      0x234 load address 0x000000000800f534
                0x0000000020000000                . = ALIGN (0x4)
                0x0000000020000000                _sdata = .
 *(.data)
 *(.data*)
 .data.wtext    0x0000000020000000       0xff ./Core/Src/main.o
                0x0000000020000000                wtext
 *fill*         0x00000000200000ff        0x1 
 .data.SystemCoreClock
                0x0000000020000100        0x4 ./Core/Src/system_stm32l4xx.o
                0x0000000020000100                SystemCoreClock
 .data.uwTickPrio
                0x0000000020000104        0x4 ./Drivers/STM32L4xx_HAL_Driver/Src/stm32l4xx_hal.o
                0x0000000020000104                uwTickPrio
 .data.uwTickFreq
                0x0000000020000108        0x1 ./Drivers/STM32L4xx_HAL_Driver/Src/stm32l4xx_hal.o
                0x0000000020000108                uwTickFreq
 .data.Stat     0x0000000020000109        0x1 ./FATFS/Target/sd_diskio.o
 *fill*         0x000000002000010a        0x2 
 .data.USBD_MSC
                0x000000002000010c       0x38 ./Middlewares/ST/STM32_USB_Device_Library/Class/MSC/Src/usbd_msc.o
                0x000000002000010c                USBD_MSC
 .data.USBD_MSC_CfgDesc
                0x0000000020000144       0x20 ./Middlewares/ST/STM32_USB_Device_Library/Class/MSC/Src/usbd_msc.o
 .data.USBD_MSC_DeviceQualifierDesc
                0x0000000020000164        0xa ./Middlewares/ST/STM32_USB_Device_Library/Class/MSC/Src/usbd_msc.o
 .data.MSCInEpAdd
                0x000000002000016e        0x1 ./Middlewares/ST/STM32_USB_Device_Library/Class/MSC/Src/usbd_msc.o
                0x000000002000016e                MSCInEpAdd
 .data.MSCOutEpAdd
                0x000000002000016f        0x1 ./Middlewares/ST/STM32_USB_Device_Library/Class/MSC/Src/usbd_msc.o
                0x000000002000016f                MSCOutEpAdd
 .data.MSC_Page00_Inquiry_Data
                0x0000000020000170        0x6 ./Middlewares/ST/STM32_USB_Device_Library/Class/MSC/Src/usbd_msc_data.o
                0x0000000020000170                MSC_Page00_Inquiry_Data
 *fill*         0x0000000020000176        0x2 
 .data.MSC_Page80_Inquiry_Data
                0x0000000020000178        0x8 ./Middlewares/ST/STM32_USB_Device_Library/Class/MSC/Src/usbd_msc_data.o
                0x0000000020000178                MSC_Page80_Inquiry_Data
 .data.MSC_Mode_Sense6_data
                0x0000000020000180       0x17 ./Middlewares/ST/STM32_USB_Device_Library/Class/MSC/Src/usbd_msc_data.o
                0x0000000020000180                MSC_Mode_Sense6_data
 *fill*         0x0000000020000197        0x1 
 .data.MSC_Mode_Sense10_data
                0x0000000020000198       0x1b ./Middlewares/ST/STM32_USB_Device_Library/Class/MSC/Src/usbd_msc_data.o
                0x0000000020000198                MSC_Mode_Sense10_data
 *fill*         0x00000000200001b3        0x1 
 .data.FS_Desc  0x00000000200001b4       0x20 ./USB_DEVICE/App/usbd_desc.o
                0x00000000200001b4                FS_Desc
 .data.USBD_FS_DeviceDesc
                0x00000000200001d4       0x12 ./USB_DEVICE/App/usbd_desc.o
                0x00000000200001d4                USBD_FS_DeviceDesc
 *fill*         0x00000000200001e6        0x2 
 .data.USBD_FS_BOSDesc
                0x00000000200001e8        0xc ./USB_DEVICE/App/usbd_desc.o
                0x00000000200001e8                USBD_FS_BOSDesc
 .data.USBD_LangIDDesc
                0x00000000200001f4        0x4 ./USB_DEVICE/App/usbd_desc.o
                0x00000000200001f4                USBD_LangIDDesc
 .data.USBD_StringSerial
                0x00000000200001f8       0x1a ./USB_DEVICE/App/usbd_desc.o
                0x00000000200001f8                USBD_StringSerial
 *fill*         0x0000000020000212        0x2 
 .data.USBD_Storage_Interface_fops_FS
                0x0000000020000214       0x20 ./USB_DEVICE/App/usbd_storage_if.o
                0x0000000020000214                USBD_Storage_Interface_fops_FS
 *(.RamFunc)
 *(.RamFunc*)
                0x0000000020000234                . = ALIGN (0x4)
                0x0000000020000234                _edata = .

.igot.plt       0x0000000020000234        0x0 load address 0x000000000800f768
 .igot.plt      0x0000000020000234        0x0 C:/ST/STM32CubeIDE_1.11.2/STM32CubeIDE/plugins/com.st.stm32cube.ide.mcu.externaltools.gnu-tools-for-stm32.11.3.rel1.win32_1.1.0.202305231506/tools/bin/../lib/gcc/arm-none-eabi/11.3.1/thumb/v7e-m+fp/hard/crtbegin.o
                0x0000000020000234                . = ALIGN (0x4)

.bss            0x0000000020000234     0x1440 load address 0x000000000800f768
                0x0000000020000234                _sbss = .
                0x0000000020000234                __bss_start__ = _sbss
 *(.bss)
 .bss           0x0000000020000234       0x1c C:/ST/STM32CubeIDE_1.11.2/STM32CubeIDE/plugins/com.st.stm32cube.ide.mcu.externaltools.gnu-tools-for-stm32.11.3.rel1.win32_1.1.0.202305231506/tools/bin/../lib/gcc/arm-none-eabi/11.3.1/thumb/v7e-m+fp/hard/crtbegin.o
 *(.bss*)
 .bss.hsd1      0x0000000020000250       0x84 ./Core/Src/main.o
                0x0000000020000250                hsd1
 .bss.hdma_sdmmc1_rx
                0x00000000200002d4       0x48 ./Core/Src/main.o
                0x00000000200002d4                hdma_sdmmc1_rx
 .bss.hdma_sdmmc1_tx
                0x000000002000031c       0x48 ./Core/Src/main.o
                0x000000002000031c                hdma_sdmmc1_tx
 .bss.res       0x0000000020000364        0x1 ./Core/Src/main.o
                0x0000000020000364                res
 *fill*         0x0000000020000365        0x3 
 .bss.byteswritten
                0x0000000020000368        0x4 ./Core/Src/main.o
                0x0000000020000368                byteswritten
 .bss.uwTick    0x000000002000036c        0x4 ./Drivers/STM32L4xx_HAL_Driver/Src/stm32l4xx_hal.o
                0x000000002000036c                uwTick
 .bss.retSD     0x0000000020000370        0x1 ./FATFS/App/fatfs.o
                0x0000000020000370                retSD
 *fill*         0x0000000020000371        0x3 
 .bss.SDPath    0x0000000020000374        0x4 ./FATFS/App/fatfs.o
                0x0000000020000374                SDPath
 .bss.SDFatFS   0x0000000020000378      0x234 ./FATFS/App/fatfs.o
                0x0000000020000378                SDFatFS
 .bss.SDFile    0x00000000200005ac      0x230 ./FATFS/App/fatfs.o
                0x00000000200005ac                SDFile
 .bss.cfgidx.0  0x00000000200007dc        0x1 ./Middlewares/ST/STM32_USB_Device_Library/Core/Src/usbd_ctlreq.o
 *fill*         0x00000000200007dd        0x3 
 .bss.FatFs     0x00000000200007e0        0x4 ./Middlewares/Third_Party/FatFs/src/ff.o
 .bss.Fsid      0x00000000200007e4        0x2 ./Middlewares/Third_Party/FatFs/src/ff.o
 *fill*         0x00000000200007e6        0x2 
 .bss.Files     0x00000000200007e8       0x20 ./Middlewares/Third_Party/FatFs/src/ff.o
 .bss.LfnBuf    0x0000000020000808      0x200 ./Middlewares/Third_Party/FatFs/src/ff.o
 .bss.disk      0x0000000020000a08        0xc ./Middlewares/Third_Party/FatFs/src/ff_gen_drv.o
                0x0000000020000a08                disk
 .bss.hUsbDeviceFS
                0x0000000020000a14      0x2dc ./USB_DEVICE/App/usb_device.o
                0x0000000020000a14                hUsbDeviceFS
 .bss.USBD_StrDesc
                0x0000000020000cf0      0x200 ./USB_DEVICE/App/usbd_desc.o
                0x0000000020000cf0                USBD_StrDesc
 .bss.hpcd_USB_OTG_FS
                0x0000000020000ef0      0x50c ./USB_DEVICE/Target/usbd_conf.o
                0x0000000020000ef0                hpcd_USB_OTG_FS
 .bss.mem.0     0x00000000200013fc      0x278 ./USB_DEVICE/Target/usbd_conf.o
 *(COMMON)
                0x0000000020001674                . = ALIGN (0x4)
                0x0000000020001674                _ebss = .
                0x0000000020001674                __bss_end__ = _ebss

._user_heap_stack
                0x0000000020001674      0x604 load address 0x000000000800f768
                0x0000000020001678                . = ALIGN (0x8)
 *fill*         0x0000000020001674        0x4 
                [!provide]                        PROVIDE (end = .)
                0x0000000020001678                PROVIDE (_end = .)
                0x0000000020001878                . = (. + _Min_Heap_Size)
 *fill*         0x0000000020001678      0x200 
                0x0000000020001c78                . = (. + _Min_Stack_Size)
 *fill*         0x0000000020001878      0x400 
                0x0000000020001c78                . = ALIGN (0x8)

/DISCARD/
 libc.a(*)
 libm.a(*)
 libgcc.a(*)

.ARM.attributes
                0x0000000000000000       0x30
 *(.ARM.attributes)
 .ARM.attributes
                0x0000000000000000       0x1e C:/ST/STM32CubeIDE_1.11.2/STM32CubeIDE/plugins/com.st.stm32cube.ide.mcu.externaltools.gnu-tools-for-stm32.11.3.rel1.win32_1.1.0.202305231506/tools/bin/../lib/gcc/arm-none-eabi/11.3.1/thumb/v7e-m+fp/hard/crti.o
 .ARM.attributes
                0x000000000000001e       0x34 C:/ST/STM32CubeIDE_1.11.2/STM32CubeIDE/plugins/com.st.stm32cube.ide.mcu.externaltools.gnu-tools-for-stm32.11.3.rel1.win32_1.1.0.202305231506/tools/bin/../lib/gcc/arm-none-eabi/11.3.1/thumb/v7e-m+fp/hard/crtbegin.o
 .ARM.attributes
                0x0000000000000052       0x34 ./Core/Src/main.o
 .ARM.attributes
                0x0000000000000086       0x34 ./Core/Src/stm32l4xx_hal_msp.o
 .ARM.attributes
                0x00000000000000ba       0x34 ./Core/Src/stm32l4xx_it.o
 .ARM.attributes
                0x00000000000000ee       0x34 ./Core/Src/system_stm32l4xx.o
 .ARM.attributes
                0x0000000000000122       0x21 ./Core/Startup/startup_stm32l476rgtx.o
 .ARM.attributes
                0x0000000000000143       0x34 ./Drivers/STM32L4xx_HAL_Driver/Src/stm32l4xx_hal.o
 .ARM.attributes
                0x0000000000000177       0x34 ./Drivers/STM32L4xx_HAL_Driver/Src/stm32l4xx_hal_cortex.o
 .ARM.attributes
                0x00000000000001ab       0x34 ./Drivers/STM32L4xx_HAL_Driver/Src/stm32l4xx_hal_dma.o
 .ARM.attributes
                0x00000000000001df       0x34 ./Drivers/STM32L4xx_HAL_Driver/Src/stm32l4xx_hal_gpio.o
 .ARM.attributes
                0x0000000000000213       0x34 ./Drivers/STM32L4xx_HAL_Driver/Src/stm32l4xx_hal_pcd.o
 .ARM.attributes
                0x0000000000000247       0x34 ./Drivers/STM32L4xx_HAL_Driver/Src/stm32l4xx_hal_pcd_ex.o
 .ARM.attributes
                0x000000000000027b       0x34 ./Drivers/STM32L4xx_HAL_Driver/Src/stm32l4xx_hal_pwr_ex.o
 .ARM.attributes
                0x00000000000002af       0x34 ./Drivers/STM32L4xx_HAL_Driver/Src/stm32l4xx_hal_rcc.o
 .ARM.attributes
                0x00000000000002e3       0x34 ./Drivers/STM32L4xx_HAL_Driver/Src/stm32l4xx_hal_rcc_ex.o
 .ARM.attributes
                0x0000000000000317       0x34 ./Drivers/STM32L4xx_HAL_Driver/Src/stm32l4xx_hal_sd.o
 .ARM.attributes
                0x000000000000034b       0x34 ./Drivers/STM32L4xx_HAL_Driver/Src/stm32l4xx_ll_sdmmc.o
 .ARM.attributes
                0x000000000000037f       0x34 ./Drivers/STM32L4xx_HAL_Driver/Src/stm32l4xx_ll_usb.o
 .ARM.attributes
                0x00000000000003b3       0x34 ./FATFS/App/fatfs.o
 .ARM.attributes
                0x00000000000003e7       0x34 ./FATFS/Target/bsp_driver_sd.o
 .ARM.attributes
                0x000000000000041b       0x34 ./FATFS/Target/fatfs_platform.o
 .ARM.attributes
                0x000000000000044f       0x34 ./FATFS/Target/sd_diskio.o
 .ARM.attributes
                0x0000000000000483       0x34 ./Middlewares/ST/STM32_USB_Device_Library/Class/MSC/Src/usbd_msc.o
 .ARM.attributes
                0x00000000000004b7       0x34 ./Middlewares/ST/STM32_USB_Device_Library/Class/MSC/Src/usbd_msc_bot.o
 .ARM.attributes